[backblue.gif]
[fade.gif]
[index.html]
[tldp.org/favicon.ico]
[tldp.org/animated_favicon1.gif]
[tldp.org/images/ldp.gif]
[tldp.org/images/flags/t_es.8.delayed]
[tldp.org/images/flags/t_fr.9.delayed]
[tldp.org/images/flags/t_it.a.delayed]
[it.tldp.org/index.html]
[github.com/tLDP/LDP.html]
[www.ibiblio.org/hosted/images/sm_hosted.gif]
[tldp.org/index.html]
[cse.google.com/coop/cse/f5aba.txt]
[ibiblio.org/osrt/omf/index.html]
[wiki.tldp.org/Mirrors.html]
[wiki.tldp.org/moin_static184/js/jquery.js]
[tldp.org/links/nenglish.html]
[tldp.org/vlist.html]
[tldp.org/LDP/abs/abs-guide.html.tar.gz]
[tldp.org/LDP/abs/abs-guide.pdf]
[tldp.org/LDP/abs/abs-guide.ps.gz]
[tldp.org/LDP/abs/abs-guide.txt.gz]
[tldp.org/LDP/abs/abs-guide.sgml.gz]
[tldp.org/LDP/abs/abs-guide.pdb]
[tldp.org/LDP/Mobile-Guide/Mobile-Guide.html.tar.gz]
[tldp.org/LDP/Mobile-Guide/Mobile-Guide.pdf]
[tldp.org/LDP/Mobile-Guide/Mobile-Guide.ps.gz]
[tldp.org/LDP/Mobile-Guide/Mobile-Guide.txt]
[tldp.org/LDP/Mobile-Guide/Mobile-Guide.pdb]
[tldp.org/LDP/Win+OpenSolaris+CentOS-Install/Win+OpenSolaris+CentOS-Install.html.tar.gz]
[tldp.org/LDP/Win+OpenSolaris+CentOS-Install/Win+OpenSolaris+CentOS-Install.pdf]
[tldp.org/LDP/Bash-Beginners-Guide/Bash-Beginners-Guide.html.tar.gz]
[tldp.org/LDP/Bash-Beginners-Guide/Bash-Beginners-Guide.pdf]
[tldp.org/LDP/Bash-Beginners-Guide/Bash-Beginners-Guide.ps.gz]
[tldp.org/LDP/Bash-Beginners-Guide/Bash-Beginners-Guide.txt.gz]
[tldp.org/LDP/Bash-Beginners-Guide/Bash-Beginners-Guide.pdb]
[tldp.org/LDP/intro-linux/intro-linux.html.tar.gz]
[tldp.org/LDP/intro-linux/intro-linux.pdf]
[tldp.org/LDP/intro-linux/intro-linux.ps.gz]
[tldp.org/LDP/intro-linux/intro-linux.txt.gz]
[tldp.org/LDP/intro-linux/intro-linux.pdb]
[tldp.org/LDP/GNU-Linux-Tools-Summary/GNU-Linux-Tools-Summary.html.tar.gz]
[tldp.org/LDP/GNU-Linux-Tools-Summary/GNU-Linux-Tools-Summary.pdf]
[tldp.org/LDP/GNU-Linux-Tools-Summary/GNU-Linux-Tools-Summary.ps.gz]
[tldp.org/LDP/GNU-Linux-Tools-Summary/GNU-Linux-Tools-Summary.txt.gz]
[tldp.org/LDP/GNU-Linux-Tools-Summary/GNU-Linux-Tools-Summary.pdb]
[tldp.org/LDP/LDP-Author-Guide/LDP-Author-Guide.html.tar.gz]
[tldp.org/LDP/LDP-Author-Guide/LDP-Author-Guide.pdf]
[tldp.org/LDP/LDP-Author-Guide/LDP-Author-Guide.ps.gz]
[tldp.org/LDP/LDP-Author-Guide/LDP-Author-Guide.txt]
[tldp.org/LDP/LDP-Author-Guide/LDP-Author-Guide.pdb]
[tldp.org/LDP/lkmpg/2.6/lkmpg.html.tar.gz]
[tldp.org/LDP/lkmpg/2.6/lkmpg.pdf]
[tldp.org/LDP/lkmpg/2.6/lkmpg.pdb]
[tldp.org/LDP/lkmpg/2.6/lkmpg.ps.gz]
[tldp.org/LDP/lkmpg/2.6/lkmpg.txt.gz]
[tldp.org/LDP/lkmpg/2.4/lkmpg.html.tar.gz]
[tldp.org/LDP/lkmpg/2.4/lkmpg.pdf]
[tldp.org/LDP/lkmpg/2.4/lkmpg.ps.gz]
[tldp.org/LDP/lkmpg/2.4/lkmpg.txt.gz]
[tldp.org/LDP/sag/sag.html.tar.gz]
[tldp.org/LDP/sag/sag.pdf]
[tldp.org/LDP/sag/sag.ps.gz]
[tldp.org/LDP/sag/sag.txt]
[tldp.org/LDP/sag/sag.pdb]
[tldp.org/LDP/Pocket-Linux-Guide/Pocket-Linux-Guide.html.tar.gz]
[tldp.org/LDP/Pocket-Linux-Guide/Pocket-Linux-Guide.pdf]
[tldp.org/LDP/Pocket-Linux-Guide/Pocket-Linux-Guide.ps.gz]
[tldp.org/LDP/Pocket-Linux-Guide/Pocket-Linux-Guide.txt]
[tldp.org/LDP/Pocket-Linux-Guide/Pocket-Linux-Guide.pdb]
[tldp.org/LDP/Linux-Media-Guide/Linux-Media-Guide.html.tar.gz]
[tldp.org/LDP/Linux-Media-Guide/Linux-Media-Guide.pdf]
[tldp.org/LDP/Linux-Media-Guide/Linux-Media-Guide.ps.gz]
[tldp.org/LDP/Linux-Media-Guide/Linux-Media-Guide.txt]
[tldp.org/LDP/Linux-Media-Guide/Linux-Media-Guide.pdb]
[tldp.org/LDP/EVMSUG/EVMSUG.html.tar.gz]
[tldp.org/LDP/EVMSUG/EVMSUG.pdf]
[tldp.org/LDP/EVMSUG/EVMSUG.ps.gz]
[tldp.org/LDP/EVMSUG/EVMSUG.txt]
[tldp.org/LDP/EVMSUG/EVMSUG.pdb]
[tldp.org/LDP/Linux-Dictionary/Linux-Dictionary.html.tar.gz]
[tldp.org/LDP/Linux-Dictionary/Linux-Dictionary.pdf]
[tldp.org/LDP/Linux-Dictionary/Linux-Dictionary.ps.gz]
[tldp.org/LDP/Linux-Dictionary/Linux-Dictionary.txt.gz]
[tldp.org/LDP/Linux-Dictionary/Linux-Dictionary.pdb]
[tldp.org/LDP/Linux-Filesystem-Hierarchy/Linux-Filesystem-Hierarchy.html.tar.gz]
[tldp.org/LDP/Linux-Filesystem-Hierarchy/Linux-Filesystem-Hierarchy.pdf]
[tldp.org/LDP/Linux-Filesystem-Hierarchy/Linux-Filesystem-Hierarchy.ps.gz]
[tldp.org/LDP/Linux-Filesystem-Hierarchy/Linux-Filesystem-Hierarchy.txt]
[tldp.org/LDP/Linux-Filesystem-Hierarchy/Linux-Filesystem-Hierarchy.pdb]
[tldp.org/LDP/cpg/Custom-Porting-Guide.html.tar.gz]
[tldp.org/LDP/cpg/Custom-Porting-Guide.pdf]
[tldp.org/LDP/cpg/Custom-Porting-Guide.ps.gz]
[tldp.org/LDP/cpg/Custom-Porting-Guide.txt]
[tldp.org/LDP/cpg/Custom-Porting-Guide.pdb]
[tldp.org/LDP/lfs/LFS-BOOK-6.1.1-HTML.tar.bz2]
[tldp.org/LDP/lfs/LFS-BOOK-6.1.1-NOCHUNKS.html.bz2]
[tldp.org/LDP/lfs/LFS-BOOK-6.1.1.pdf]
[tldp.org/LDP/lfs/LFS-BOOK-6.1.1.pdf.bz2]
[tldp.org/LDP/lfs/LFS-BOOK-6.1.1.txt]
[tldp.org/LDP/lfs/LFS-BOOK-6.1.1.txt.bz2]
[tldp.org/LDP/lfs/LFS-BOOK-6.1.1-XML.tar.bz2]
[tldp.org/LDP/bugzilla/Bugzilla-Guide.html.tar.gz]
[tldp.org/LDP/bugzilla/Bugzilla-Guide.pdf]
[tldp.org/LDP/lki.html.tar.gz]
[tldp.org/LDP/lki/lki.pdf]
[tldp.org/LDP/solrhe/Securing-Optimizing-Linux-The-Ultimate-Solution-v2.0.pdf]
[tldp.org/LDP/solrhe/floppy-2.0.gz]
[tldp.org/LDP/solrhe/Securing-Optimizing-Linux-RH-Edition-v1.3.html.tar.gz]
[tldp.org/LDP/solrhe/Securing-Optimizing-Linux-RH-Edition-v1.3.pdf]
[tldp.org/LDP/solrhe/floppy.gz]
[tldp.org/LDP/espk-ug/espk-ug.html.tar.gz]
[tldp.org/LDP/espk-ug/espk-ug.pdf]
[tldp.org/LDP/nag-2.0.html.tar.gz]
[tldp.org/LDP/nag2/nag2.pdf]
[tldp.org/LDP/lame/lame.html.tar.gz]
[tldp.org/LDP/nag.html.tar.gz]
[tldp.org/LDP/lpg-0.4.pdf]
[tldp.org/LDP/lpg-0.4.html.tar.gz]
[tldp.org/LDP/khg.html.tar.gz]
[tldp.org/LDP/gs.html.tar.gz]
[tldp.org/LDP/tlk.html.tar.gz]
[tldp.org/REF/palmdevqs/palmdevqs.pdf]
[tldp.org/REF/VideoLAN-Quickstart/VideoLAN-Quickstart.html.tar.gz]
[tldp.org/REF/VideoLAN-Quickstart/VideoLAN-Quickstart.pdf]
[tldp.org/REF/VideoLAN-Quickstart/VideoLAN-Quickstart.txt]
[tldp.org/REF/VLC-User-Guide/VLC-User-Guide.html.tar.gz]
[tldp.org/REF/VLC-User-Guide/VLC-User-Guide.pdf]
[tldp.org/REF/VLC-User-Guide/VLC-User-Guide.txt]
[tldp.org/REF/VLS-User-Guide/VLS-User-Guide.html.tar.gz]
[tldp.org/REF/VLS-User-Guide/VLS-User-Guide.pdf]
[tldp.org/REF/VLS-User-Guide/VLS-User-Guide.txt]
[tldp.org/guides.html]
[tldp.org/icons/blank.gif]
[tldp.org/icons/back.gif]
[tldp.org/icons/text.gif]
[tldp.org/pub/Linux/docs/HOWTO/translations/Directory-Structure]
[tldp.org/icons/folder.gif]
[tldp.org/pub/Linux/docs/HOWTO/translations/index.html]
[tldp.org/links/p_books.html]
[es.tldp.org/icons/obrasinf.gif]
[es.tldp.org/icons/alojadoenCICA.jpg]
[es.tldp.org/icons/ingles.png]
[es.tldp.org/icons/tldp-es-lucas.png]
[es.tldp.org/icons/new.gif]
[es.tldp.org/icons/tldp-link.jpg]
[es.tldp.org/index.html]
[es.tldp.org/icons/vh40.gif]
[traduc.org/index.html]
[it.tldp.org/index.html]
[tldp.org/FAQ/LDP-FAQ/index.html]
[wiki.tldp.org/LDP Manifesto.html]
[tldp.org/history.html]
[wiki.tldp.org/LdpStaff.html]
[tldp.org/jobdesc/index.html]
[tldp.org/mailinfo.html]
[tldp.org/irc.html]
[tldp.org/LDP/LDP-Author-Guide/index.html]
[tldp.org/authors/pubprocess.pdf]
[tldp.org/authors/maint.pdf]
[tldp.org/authors/tools/docbkx42.zip]
[tldp.org/authors/tools/docbkx412.zip]
[tldp.org/authors/tools/docbk42.zip]
[tldp.org/authors/tools/docbk41.zip]
[tldp.org/authors/tools/docbk31.zip]
[tldp.org/authors/template/big-howto-template.sgml]
[tldp.org/authors/template/Sample-HOWTO.xml]
[tldp.org/authors/template-ld/big-howto-template-ld.sgml]
[tldp.org/authors/template-ld/small-howto-template-ld.sgml]
[tldp.org/authors/tools/ldp.dsl]
[tldp.org/authors/tools/entities.tar.gz]
[tldp.org/authors/tools/ldp_mk]
[tldp.org/authors/tools/ld2db.zip]
[tldp.org/authors/tools/linuxdoc-tools.tar.gz]
[tldp.org/authors/index.html]
[tldp.org/authors/index-2.html]
[tldp.org/authors/tools/ldp_print.gz]
[tldp.org/LDP/LDP-Author-Guide/html/process.html]
[tldp.org/LDP/LDP-Author-Guide/images/tip.gif]
[assets-cdn.github.com/assets/frameworks-5aa6d9885579bb2359f66266aee26f3b.css]
[assets-cdn.github.com/assets/github-8907ab22fe75ba1be5a65387e03ecd5a.css]
[assets-cdn.github.com/assets/site-2c07a1055b06224c1a4d10d3b10a1051.css]
[github.com/opensearch.xml]
[assets-cdn.github.com/index.html]
[github.com/fluidicon.png]
[github.com/tLDP/LDP/commits/master.atom]
[assets-cdn.github.com/pinned-octocat.svg]
[assets-cdn.github.com/favicon.ico]
[github.com/manifest.json]
[assets-cdn.github.com/images/search-shortcut-hint.svg]
[assets-cdn.github.com/images/spinners/octocat-spinner-128.gif]
[github.com/tLDP/LDP/watchers.html]
[github.com/tLDP/LDP/stargazers.html]
[github.com/tLDP/LDP/network/members.html]
[github.com/tLDP/LDP/issues.html]
[github.com/tLDP/LDP/pulls.html]
[github.com/tLDP/LDP/projects.html]
[github.com/tLDP/LDP/pulse.html]
[github.com/tLDP/LDP/commits/master.html]
[github.com/tLDP/LDP/branches.166.delayed]
[github.com/tLDP/LDP/releases.html]
[github.com/tLDP/LDP/graphs/contributors.html]
[github.com/tLDP/LDP/searchc488.html]
[github.com/tLDP/LDP/search603d.html]
[github.com/tLDP/LDP/search72d8.html]
[github.com/tLDP/LDP/search66dd.html]
[github.com/tLDP/LDP/searche530.html]
[github.com/tLDP/LDP/search3fa9.html]
[github.com/tLDP/LDP/tree/master.html]
[github.com/tLDP/LDP/find/master.html]
[avatars3.githubusercontent.com/u/2315379384.png]
[github.com/tLDP/LDP/commitsd7aa.html]
[github.com/tLDP/LDP/commit/671057fabbc76a8688cd9d4ba4c0ac2797769377.html]
[github.com/tLDP/LDP/pull/75.html]
[assets-cdn.github.com/images/spinners/octocat-spinner-32.gif]
[github.com/tLDP/LDP/tree/671057fabbc76a8688cd9d4ba4c0ac2797769377.html]
[github.com/tLDP/LDP/tree/master/LDP.html]
[assets-cdn.github.com/assets/compat-0f98b12d09f3ba331eef956ab02996e3.js]
[github.com/tLDP/LDP/commit/f061711eea265321ec140f3a0deab4063e065ceb.html]
[assets-cdn.github.com/assets/frameworks-a2f69f341e3df821fdcb56e335ef9920.js]
[github.com/tLDP/LDP.html]
[tldp.org/images/ldp.jpg]
[tldp.org/downloads/db2omf-0.5.tar.gz]
[tldp.org/downloads/db2omf-0.4.tar.gz]
[tldp.org/downloads/texi2db-0.5.tar.gz]
[tldp.org/downloads/texi2db-0.4.2.tar.gz]
[tldp.org/downloads/texi2db-0.4.1.tar.gz]
[tldp.org/downloads/texi2db-0.4.tar.gz]
[tldp.org/downloads/texi2db-0.3.tar.gz]
[tldp.org/downloads/wt2db-1.0.tar.gz]
[assets-cdn.github.com/assets/github-d57c89cb5dc09430cc07618ee1aa3fd0.js]
[tldp.org/downloads/wt2db-0.6.tar.gz]
[tldp.org/downloads/wt2db-0.5.tar.gz]
[tldp.org/downloads/wt2db-0.4.tar.gz]
[tldp.org/downloads/index.html]
[tldp.org/downloads/wt2db-0.3.tar.gz]
[ibiblio.org/index.html]
[wiki.tldp.org/moin_static184/common/js/common.js]
[wiki.tldp.org/FrontPage9678]
[wiki.tldp.org/moin_static184/ldp/tldp.png]
[wiki.tldp.org/moin_static184/gugiel/img/smile.png]
[wiki.tldp.org/index.html]
[www.ibiblio.org/hosted/images/sm_hosted_trans.gif]
[wiki.tldp.org/MembersPage.html]
[wiki.tldp.org/AuthorsPage.html]
[wiki.tldp.org/VisitorsPage.html]
[tldp.org/Linux-HOWTO-text.tar.gz]
[tldp.org/Linux-HOWTO-html.tar.gz]
[tldp.org/Linux-HOWTO-pdf.tar.gz]
[tldp.org/Linux-HOWTO-pdb.tar.gz]
[tldp.org/REF/INTRO/Backup-INTRO.html.tar.gz]
[tldp.org/REF/INTRO/Backup-INTRO.txt]
[tldp.org/REF/INTRO/Backup-INTRO.pdf]
[tldp.org/REF/INTRO/Intrusion-INTRO.html.tar.gz]
[tldp.org/REF/INTRO/Intrusion-INTRO.txt]
[tldp.org/REF/INTRO/Intrusion-INTRO.pdf]
[tldp.org/REF/INTRO/PhysSecurity-INTRO.html.tar.gz]
[tldp.org/REF/INTRO/PhysSecurity-INTRO.txt]
[tldp.org/REF/INTRO/PhysSecurity-INTRO.pdf]
[tldp.org/REF/INTRO/SecuringData-INTRO.html.tar.gz]
[tldp.org/REF/INTRO/SecuringData-INTRO.txt]
[tldp.org/REF/INTRO/SecuringData-INTRO.pdf]
[tldp.org/REF/INTRO/Virus-INTRO.html.tar.gz]
[tldp.org/REF/INTRO/Virus-INTRO.txt]
[tldp.org/REF/INTRO/Virus-INTRO.pdf]
[tldp.org/REF/INTRO/INTRO.html.tar.gz]
[tldp.org/REF/INTRO/INTRO.pdf.tar.gz]
[tldp.org/REF/CVS-BestPractices/CVS-BestPractices.html.tar.gz]
[tldp.org/REF/CVS-BestPractices/CVS-BestPractices.pdf]
[tldp.org/REF/CVS-BestPractices/CVS-BestPractices.ps.gz]
[tldp.org/REF/CVS-BestPractices/CVS-BestPractices.txt]
[tldp.org/REF/CVS-BestPractices/CVS-BestPractices.pdb]
[tldp.org/REF/ls_quickref/QuickRefCard.pdf]
[tldp.org/REF/ls_quickref/QuickRefCard.ps]
[tldp.org/REF/ls_quickref/QuickRefCard-A4.pdf]
[tldp.org/REF/ls_quickref/QuickRefCard-A4.ps]
[tldp.org/docs.html]
[tldp.org/HOWTO/text/Unix-and-Internet-Fundamentals-HOWTO]
[tldp.org/HOWTO/pdf/Unix-and-Internet-Fundamentals-HOWTO.pdf]
[tldp.org/pluckerdb/Unix-and-Internet-Fundamentals-HOWTO.pdb]
[tldp.org/howto.d/sorted_howtos.gz]
[tldp.org/sorted_howtos.html]
[tldp.org/HOWTO/HOWTO-INDEX/howtos.html]
[tldp.org/HOWTO/HOWTO-INDEX/categories.html]
[tldp.org/FAQ/faqs/AfterStep-FAQ]
[tldp.org/FAQ/faqs/Ftape-FAQ]
[tldp.org/FAQ/faqs/LDP-FAQ]
[tldp.org/FAQ/faqs/Linux-FAQ]
[tldp.org/FAQ/pdf/Linux-FAQ.pdf]
[tldp.org/FAQ/faqs/Linux-RAID-FAQ]
[tldp.org/FAQ/pdf/Linux-RAID-FAQ.pdf]
[tldp.org/FAQ/sig11/text/GCC-SIG11-FAQ]
[tldp.org/FAQ/faqs/WordPerfect-Linux-FAQ]
[tldp.org/FAQ/pdf/WordPerfect-Linux-FAQ.pdf]
[tldp.org/FAQ/faqs/ATAPI-FAQ]
[tldp.org/FAQ/faqs/BLFAQ]
[tldp.org/FAQ/faqs/Wine-FAQ]
[tldp.org/FAQ/index.html]
[tldp.org/links/index.html]
[ibiblio.org/osrt/omf/images/Spacer.gif]
[ibiblio.org/osrt/omf/index-2.html]
[ibiblio.org/osrt/omf/images/omflogo.gif]
[ibiblio.org/osrt/omf/howtosubmit.html]
[ibiblio.org/osrt/omf/faq.html]
[ibiblio.org/osrt/omf/search/advanced.html]
[ibiblio.org/osrt/omf/searchHelp.html]
[ibiblio.org/osrt/omf/team.html]
[ibiblio.org/osrt/omf/template.html]
[ibiblio.org/pub/Linux/metadata/OMF.dtd]
[ibiblio.org/osrt/omf/omf_elements]
[ibiblio.org/osrt/omf/editxml.html]
[ibiblio.org/osrt/omf/index.html]
[tldp.org/index-2.html]
[tldp.org/links/index-2.html]
[ibiblio.org/pub/Linux/LICENSES/theory.html]
[tldp.org/links/apps.html]
[tldp.org/links/hw.html]
[tldp.org/links/mm.html]
[tldp.org/links/links.html]
[www.npr.org/ramfiles/980408.atc.14.ram]
[tldp.org/links/media.html]
[tldp.org/links/consult.html]
[tldp.org/links/devel.html]
[tldp.org/links/addlink.html]
[www.npr.org/ramfiles/980417.totn.02.ram]
[tldp.org/icons/unknown.gif]
[tldp.org/pub/Linux/docs/ldp-archived/network-guide/translations/!INDEX]
[tldp.org/pub/Linux/docs/ldp-archived/network-guide/translations/index.html]
[tldp.org/pub/Linux/docs/ldp-archived/users-guide/translations/index.html]
[tldp.org/FAQ/Linux-FAQ/index.html]
[tldp.org/search.html]
[tldp.org/contrib.html]
[tldp.org/LDP/LDP-Author-Guide/index-2.html]
[tldp.org/LDP/LDP-Author-Guide/distribution.html]
[tldp.org/mirrors.html]
[tldp.org/HOWTO/LDP-Reviewer-HOWTO/index.html]
[tldp.org/manifesto.html]
[tldp.org/pub/Linux/docs/HOWTO/translations/bn/Astronomy-HOWTO.bn]
[tldp.org/pub/Linux/docs/HOWTO/translations/bn/Bangla-HOWTO.bn]
[tldp.org/pub/Linux/docs/HOWTO/translations/bn/index.html]
[tldp.org/icons/compressed.gif]
[tldp.org/pub/Linux/docs/HOWTO/translations/zh/3D-Accelerated-With-ATI-HOWTO.txt.gz]
[tldp.org/pub/Linux/docs/HOWTO/translations/zh/3D-Accelerated-With-Nvidia-HOWTO.txt.gz]
[tldp.org/pub/Linux/docs/HOWTO/translations/zh/ADSL-Bandwidth-Management-HOWTO.txt.gz]
[tldp.org/pub/Linux/docs/HOWTO/translations/zh/Adv-Routing-HOWTO.txt.gz]
[tldp.org/pub/Linux/docs/HOWTO/translations/zh/Astronomy-HOWTO.txt.gz]
[tldp.org/pub/Linux/docs/HOWTO/translations/zh/Beowulf-HOWTO.txt.gz]
[tldp.org/pub/Linux/docs/HOWTO/translations/zh/BootPrompt-HOWTO.txt.gz]
[tldp.org/pub/Linux/docs/HOWTO/translations/zh/Bootdisk-HOWTO.txt.gz]
[tldp.org/pub/Linux/docs/HOWTO/translations/zh/C-Linux-HOWTOs.tar.gz]
[tldp.org/pub/Linux/docs/HOWTO/translations/zh/CD-Writing-HOWTO.txt.gz]
[tldp.org/pub/Linux/docs/HOWTO/translations/zh/CDROM-HOWTO.txt.gz]
[tldp.org/pub/Linux/docs/HOWTO/translations/zh/CVS-RCS-HOWTO.txt.gz]
[tldp.org/pub/Linux/docs/HOWTO/translations/zh/Chinese-HOWTO.txt.gz]
[tldp.org/pub/Linux/docs/HOWTO/translations/zh/Config-HOWTO.txt.gz]
[tldp.org/pub/Linux/docs/HOWTO/translations/zh/DNS-HOWTO.txt.gz]
[tldp.org/pub/Linux/docs/HOWTO/translations/zh/Danish-HOWTO.txt.gz]
[tldp.org/pub/Linux/docs/HOWTO/translations/zh/Diskless-HOWTO.txt.gz]
[tldp.org/pub/Linux/docs/HOWTO/translations/zh/Distribution-HOWTO.txt.gz]
[tldp.org/pub/Linux/docs/HOWTO/translations/zh/Ethernet-HOWTO.txt.gz]
[tldp.org/pub/Linux/docs/HOWTO/translations/zh/Firewall-HOWTO.txt.gz]
[tldp.org/pub/Linux/docs/HOWTO/translations/zh/GCC-HOWTO.txt.gz]
[tldp.org/pub/Linux/docs/HOWTO/translations/zh/Glibc2-HOWTO.txt.gz]
[tldp.org/pub/Linux/docs/HOWTO/translations/zh/HAM-HOWTO.txt.gz]
[tldp.org/pub/Linux/docs/HOWTO/translations/zh/HOWTO-HOWTO.txt.gz]
[tldp.org/pub/Linux/docs/HOWTO/translations/zh/HOWTO-INDEX.txt.gz]
[tldp.org/pub/Linux/docs/HOWTO/translations/zh/Hardware-HOWTO.txt.gz]
[tldp.org/pub/Linux/docs/HOWTO/translations/zh/Hebrew-HOWTO.txt.gz]
[tldp.org/pub/Linux/docs/HOWTO/translations/zh/INFO-SHEET.txt.gz]
[tldp.org/pub/Linux/docs/HOWTO/translations/zh/IP-Masquerade-HOWTO.txt.gz]
[tldp.org/pub/Linux/docs/HOWTO/translations/zh/ISP-Hookup-HOWTO.txt.gz]
[tldp.org/pub/Linux/docs/HOWTO/translations/zh/Intranet-Server-HOWTO.txt.gz]
[tldp.org/pub/Linux/docs/HOWTO/translations/zh/Java-CGI-HOWTO.txt.gz]
[tldp.org/pub/Linux/docs/HOWTO/translations/zh/Jaz-Drive-HOWTO.txt.gz]
[tldp.org/pub/Linux/docs/HOWTO/translations/zh/Kernel-HOWTO.txt.gz]
[tldp.org/pub/Linux/docs/HOWTO/translations/zh/LILO-crash-rescue-HOWTO.txt.gz]
[tldp.org/pub/Linux/docs/HOWTO/translations/zh/Large-Disk-HOWTO.txt.gz]
[tldp.org/pub/Linux/docs/HOWTO/translations/zh/Linux-IPv6-HOWTO.txt.gz]
[tldp.org/pub/Linux/docs/HOWTO/translations/zh/LinuxDoc+Emacs+Ispell-HOWTO.txt.gz]
[tldp.org/pub/Linux/docs/HOWTO/translations/zh/Loopback-Encrypted-Filesystem-HOWTO.txt.gz]
[tldp.org/pub/Linux/docs/HOWTO/translations/zh/META-FAQ.txt.gz]
[tldp.org/pub/Linux/docs/HOWTO/translations/zh/Mail-User-HOWTO.txt.gz]
[tldp.org/pub/Linux/docs/HOWTO/translations/zh/NAT-HOWTO.txt.gz]
[tldp.org/pub/Linux/docs/HOWTO/translations/zh/Networking-Overview-HOWTO.txt.gz]
[tldp.org/pub/Linux/docs/HOWTO/translations/zh/News-HOWTO.txt.gz]
[tldp.org/pub/Linux/docs/HOWTO/translations/zh/Oracle-HOWTO.txt.gz]
[tldp.org/pub/Linux/docs/HOWTO/translations/zh/PCMCIA-HOWTO.txt.gz]
[tldp.org/pub/Linux/docs/HOWTO/translations/zh/PPP-HOWTO.txt.gz]
[tldp.org/pub/Linux/docs/HOWTO/translations/zh/Packet-Filtering-HOWTO.txt.gz]
[tldp.org/pub/Linux/docs/HOWTO/translations/zh/PalmOS-HOWTO.txt.gz]
[tldp.org/pub/Linux/docs/HOWTO/translations/zh/Plug-and-Play-HOWTO.txt.gz]
[tldp.org/pub/Linux/docs/HOWTO/translations/zh/PostgreSQL-HOWTO.txt.gz]
[tldp.org/pub/Linux/docs/HOWTO/translations/zh/Printing-HOWTO.txt.gz]
[tldp.org/pub/Linux/docs/HOWTO/translations/zh/Printing-Usage-HOWTO.txt.gz]
[tldp.org/pub/Linux/docs/HOWTO/translations/zh/RPM-HOWTO.txt.gz]
[tldp.org/pub/Linux/docs/HOWTO/translations/zh/Reading-List-HOWTO.txt.gz]
[tldp.org/pub/Linux/docs/HOWTO/translations/zh/RedHat-CD-HOWTO.txt.gz]
[tldp.org/pub/Linux/docs/HOWTO/translations/zh/SGML-Guide.txt.gz]
[tldp.org/pub/Linux/docs/HOWTO/translations/zh/SMB-HOWTO.txt.gz]
[tldp.org/pub/Linux/docs/HOWTO/translations/zh/Serial-HOWTO.txt.gz]
[tldp.org/pub/Linux/docs/HOWTO/translations/zh/Serial-Programming-HOWTO.txt.gz]
[tldp.org/pub/Linux/docs/HOWTO/translations/zh/Shadow-Password-HOWTO.txt.gz]
[tldp.org/pub/Linux/docs/HOWTO/translations/zh/Software-Building-HOWTO.txt.gz]
[tldp.org/pub/Linux/docs/HOWTO/translations/zh/Sound-HOWTO.txt.gz]
[tldp.org/pub/Linux/docs/HOWTO/translations/zh/Sound-Playing-HOWTO.txt.gz]
[tldp.org/pub/Linux/docs/HOWTO/translations/zh/TeTeX-HOWTO.txt.gz]
[tldp.org/pub/Linux/docs/HOWTO/translations/zh/Touch-Screen-HOWTO.txt.gz]
[tldp.org/pub/Linux/docs/HOWTO/translations/zh/UPS-HOWTO.txt.gz]
[tldp.org/pub/Linux/docs/HOWTO/translations/zh/USB-Digital-Camera-HOWTO.txt.gz]
[tldp.org/pub/Linux/docs/HOWTO/translations/zh/User-Group-HOWTO.txt.gz]
[tldp.org/pub/Linux/docs/HOWTO/translations/zh/VAR-HOWTO.txt.gz]
[tldp.org/pub/Linux/docs/HOWTO/translations/zh/VMS-to-Linux-HOWTO.txt.gz]
[tldp.org/pub/Linux/docs/HOWTO/translations/zh/WWW-HOWTO.txt.gz]
[tldp.org/pub/Linux/docs/HOWTO/translations/zh/Winmodems-and-Linux-HOWTO.txt.gz]
[tldp.org/pub/Linux/docs/HOWTO/translations/zh/Wireless-HOWTO.txt.gz]
[tldp.org/pub/Linux/docs/HOWTO/translations/zh/XFree86-HOWTO.txt.gz]
[tldp.org/pub/Linux/docs/HOWTO/translations/zh/XFree86-Video-Timings-HOWTO.txt.gz]
[tldp.org/pub/Linux/docs/HOWTO/translations/zh/Xine-Video-Player-HOWTO.txt.gz]
[tldp.org/pub/Linux/docs/HOWTO/translations/zh/convert.log.old]
[tldp.org/pub/Linux/docs/HOWTO/translations/zh/howto-chinese-200103-25.noarch.rpm]
[tldp.org/pub/Linux/docs/HOWTO/translations/zh/howto-chinese-200103-25.src.rpm]
[tldp.org/pub/Linux/docs/HOWTO/translations/zh/missfont.log]
[tldp.org/pub/Linux/docs/HOWTO/translations/zh/index.html]
[tldp.org/pub/Linux/docs/HOWTO/translations/hr/DNS-KAKO.txt.gz]
[tldp.org/pub/Linux/docs/HOWTO/translations/hr/DOS-Win-na-Linux-KAKO.txt.gz]
[tldp.org/pub/Linux/docs/HOWTO/translations/hr/Distribucije-KAKO.txt.gz]
[tldp.org/pub/Linux/docs/HOWTO/translations/hr/Konfiguriranje-KAKO.txt.gz]
[tldp.org/pub/Linux/docs/HOWTO/translations/hr/Linux-FAQ.txt.gz]
[tldp.org/pub/Linux/docs/HOWTO/translations/hr/Meta-FAQ.txt.gz]
[tldp.org/pub/Linux/docs/HOWTO/translations/hr/Sigurnost-KAKO.txt.gz]
[tldp.org/pub/Linux/docs/HOWTO/translations/hr/XFree86-KAKO.txt.gz]
[tldp.org/pub/Linux/docs/HOWTO/translations/hr/index.html]
[tldp.org/pub/Linux/docs/HOWTO/translations/nl/3-Button-Mouse-NL.gz]
[tldp.org/pub/Linux/docs/HOWTO/translations/nl/4mb-Laptops-NL.gz]
[tldp.org/pub/Linux/docs/HOWTO/translations/nl/ADSM-Backup-NL.gz]
[tldp.org/pub/Linux/docs/HOWTO/translations/nl/Acer-Laptop-HOWTO-NL.gz]
[tldp.org/pub/Linux/docs/HOWTO/translations/nl/Advocacy-NL.gz]
[tldp.org/pub/Linux/docs/HOWTO/translations/nl/Automount-NL.gz]
[tldp.org/pub/Linux/docs/HOWTO/translations/nl/Backup-With-MSDOS-NL.gz]
[tldp.org/pub/Linux/docs/HOWTO/translations/nl/Bash-Prog-Intro-HOWTO-NL.gz]
[tldp.org/pub/Linux/docs/HOWTO/translations/nl/Bash-Prompt-NL.gz]
[tldp.org/pub/Linux/docs/HOWTO/translations/nl/Belgian-HOWTO-NL.gz]
[tldp.org/pub/Linux/docs/HOWTO/translations/nl/Bootdisk-HOWTO-NL.gz]
[tldp.org/pub/Linux/docs/HOWTO/translations/nl/Bridge-NL.gz]
[tldp.org/pub/Linux/docs/HOWTO/translations/nl/Bzip2-HOWTO-NL.gz]
[tldp.org/pub/Linux/docs/HOWTO/translations/nl/CD-Writing-HOWTO-NL.gz]
[tldp.org/pub/Linux/docs/HOWTO/translations/nl/CDROM-HOWTO-NL.gz]
[tldp.org/pub/Linux/docs/HOWTO/translations/nl/CDServer-HOWTO-NL.gz]
[tldp.org/pub/Linux/docs/HOWTO/translations/nl/Casema-kabelmodem-HOWTO-NL.gz]
[tldp.org/pub/Linux/docs/HOWTO/translations/nl/Cipe+Masq-NL.gz]
[tldp.org/pub/Linux/docs/HOWTO/translations/nl/Colour-ls-NL.gz]
[tldp.org/pub/Linux/docs/HOWTO/translations/nl/Compressed-TCP-NL.gz]
[tldp.org/pub/Linux/docs/HOWTO/translations/nl/Config-HOWTO-NL.gz]
[tldp.org/pub/Linux/docs/HOWTO/translations/nl/DHCP-NL.gz]
[tldp.org/pub/Linux/docs/HOWTO/translations/nl/DNS-HOWTO-NL.gz]
[tldp.org/pub/Linux/docs/HOWTO/translations/nl/DOS-Win-to-Linux-HOWTO-NL.gz]
[tldp.org/pub/Linux/docs/HOWTO/translations/nl/Deciding-Linux-HOWTO-NL.gz]
[tldp.org/pub/Linux/docs/HOWTO/translations/nl/Dialup-PPP-Server-HOWTO-NL.gz]
[tldp.org/pub/Linux/docs/HOWTO/translations/nl/Distribution-HOWTO-NL.gz]
[tldp.org/pub/Linux/docs/HOWTO/translations/nl/DocBook-Install-NL.gz]
[tldp.org/pub/Linux/docs/HOWTO/translations/nl/DocBook-OpenJade-SGML-XML-HOWTO-NL.gz]
[tldp.org/pub/Linux/docs/HOWTO/translations/nl/Documentatie-HOWTO-NL.gz]
[tldp.org/pub/Linux/docs/HOWTO/translations/nl/Euro-Char-Support-NL.gz]
[tldp.org/pub/Linux/docs/HOWTO/translations/nl/Event-HOWTO-NL.gz]
[tldp.org/pub/Linux/docs/HOWTO/translations/nl/FDU-NL.gz]
[tldp.org/pub/Linux/docs/HOWTO/translations/nl/FTP-NL.gz]
[tldp.org/pub/Linux/docs/HOWTO/translations/nl/FTP-Setup-Tips-NL.gz]
[tldp.org/pub/Linux/docs/HOWTO/translations/nl/Fax-Server-NL.gz]
[tldp.org/pub/Linux/docs/HOWTO/translations/nl/Girotel-met-Wine-HOWTO-NL.gz]
[tldp.org/pub/Linux/docs/HOWTO/translations/nl/Hard-Disk-Upgrade-NL.gz]
[tldp.org/pub/Linux/docs/HOWTO/translations/nl/Home-Electrical-Control-NL.gz]
[tldp.org/pub/Linux/docs/HOWTO/translations/nl/Homenet-Mini-Howto-NL.gz]
[tldp.org/pub/Linux/docs/HOWTO/translations/nl/INFO-SHEET-NL.gz]
[tldp.org/pub/Linux/docs/HOWTO/translations/nl/IP-Alias-NL.gz]
[tldp.org/pub/Linux/docs/HOWTO/translations/nl/IPMasquerading+Napster-NL.gz]
[tldp.org/pub/Linux/docs/HOWTO/translations/nl/IRC-NL.gz]
[tldp.org/pub/Linux/docs/HOWTO/translations/nl/ISP-Connectivity-NL.gz]
[tldp.org/pub/Linux/docs/HOWTO/translations/nl/ISP-Hookup-HOWTO-NL.gz]
[tldp.org/pub/Linux/docs/HOWTO/translations/nl/Install-From-ZIP-NL.gz]
[tldp.org/pub/Linux/docs/HOWTO/translations/nl/Installation-HOWTO-NL.gz]
[tldp.org/pub/Linux/docs/HOWTO/translations/nl/KDE-GUI-Login-Configuration-HOWTO-NL.gz]
[tldp.org/pub/Linux/docs/HOWTO/translations/nl/Kernel-HOWTO-NL.gz]
[tldp.org/pub/Linux/docs/HOWTO/translations/nl/Kerneld-NL.gz]
[tldp.org/pub/Linux/docs/HOWTO/translations/nl/KickStart-HOWTO-NL.gz]
[tldp.org/pub/Linux/docs/HOWTO/translations/nl/LILO-crash-rescue-HOWTO-NL.gz]
[tldp.org/pub/Linux/docs/HOWTO/translations/nl/LILO-mini-HOWTO-NL.gz]
[tldp.org/pub/Linux/docs/HOWTO/translations/nl/Large-Disk-NL.gz]
[tldp.org/pub/Linux/docs/HOWTO/translations/nl/Lex-YACC-HOWTO-NL.gz]
[tldp.org/pub/Linux/docs/HOWTO/translations/nl/Linux+FreeBSD-NL.gz]
[tldp.org/pub/Linux/docs/HOWTO/translations/nl/Linux+NT-Loader-NL.gz]
[tldp.org/pub/Linux/docs/HOWTO/translations/nl/Linux+Win9x+Grub-HOWTO-NL.gz]
[tldp.org/pub/Linux/docs/HOWTO/translations/nl/Linux+Win95-NL.gz]
[tldp.org/pub/Linux/docs/HOWTO/translations/nl/Linux-Crash-HOWTO-NL.gz]
[tldp.org/pub/Linux/docs/HOWTO/translations/nl/Linux-DVD-HOWTO-NL.gz]
[tldp.org/pub/Linux/docs/HOWTO/translations/nl/Linux-Modem-Sharing-NL.gz]
[tldp.org/pub/Linux/docs/HOWTO/translations/nl/LinuxDoc+Emacs+Ispell-HOWTO-NL.gz]
[tldp.org/pub/Linux/docs/HOWTO/translations/nl/Loadlin+Win95-98-ME-NL.gz]
[tldp.org/pub/Linux/docs/HOWTO/translations/nl/Loadlin+Win95-NL.gz]
[tldp.org/pub/Linux/docs/HOWTO/translations/nl/Loopback-Encrypted-Filesystem-NL.gz]
[tldp.org/pub/Linux/docs/HOWTO/translations/nl/Loopback-Root-FS-NL.gz]
[tldp.org/pub/Linux/docs/HOWTO/translations/nl/META-FAQ-NL.gz]
[tldp.org/pub/Linux/docs/HOWTO/translations/nl/MP3-CD-Burning-NL.gz]
[tldp.org/pub/Linux/docs/HOWTO/translations/nl/MP3-HOWTO-NL.gz]
[tldp.org/pub/Linux/docs/HOWTO/translations/nl/MSSQL6-Openlink-PHP-ODBC-NL.gz]
[tldp.org/pub/Linux/docs/HOWTO/translations/nl/Mail-User-HOWTO-NL.gz]
[tldp.org/pub/Linux/docs/HOWTO/translations/nl/Mail2News-NL.gz]
[tldp.org/pub/Linux/docs/HOWTO/translations/nl/Majordomo-MajorCool-HOWTO-NL.gz]
[tldp.org/pub/Linux/docs/HOWTO/translations/nl/Man-Page-NL.gz]
[tldp.org/pub/Linux/docs/HOWTO/translations/nl/Modeline-NL.gz]
[tldp.org/pub/Linux/docs/HOWTO/translations/nl/Modules-NL.gz]
[tldp.org/pub/Linux/docs/HOWTO/translations/nl/Mozilla-Optimization-NL.gz]
[tldp.org/pub/Linux/docs/HOWTO/translations/nl/Multi-Distro-Dev-NL.gz]
[tldp.org/pub/Linux/docs/HOWTO/translations/nl/MultiOS-HOWTO-NL.gz]
[tldp.org/pub/Linux/docs/HOWTO/translations/nl/Multiboot-with-GRUB-NL.gz]
[tldp.org/pub/Linux/docs/HOWTO/translations/nl/Multiboot-with-LILO-HOWTO-NL.gz]
[tldp.org/pub/Linux/docs/HOWTO/translations/nl/NCD-HOWTO-NL.gz]
[tldp.org/pub/Linux/docs/HOWTO/translations/nl/NFS-Howto-NL.gz]
[tldp.org/pub/Linux/docs/HOWTO/translations/nl/NFS-Root-NL.gz]
[tldp.org/pub/Linux/docs/HOWTO/translations/nl/NFS-Tips-NL.gz]
[tldp.org/pub/Linux/docs/HOWTO/translations/nl/NLM-HOWTO-NL.gz]
[tldp.org/pub/Linux/docs/HOWTO/translations/nl/Network-Config-Tips-NL.gz]
[tldp.org/pub/Linux/docs/HOWTO/translations/nl/Networking-Overview-HOWTO-NL.gz]
[tldp.org/pub/Linux/docs/HOWTO/translations/nl/News-Leafsite-NL.gz]
[tldp.org/pub/Linux/docs/HOWTO/translations/nl/OpzettenVanDNSServer-NL.gz]
[tldp.org/pub/Linux/docs/HOWTO/translations/nl/Oracle.gz]
[tldp.org/pub/Linux/docs/HOWTO/translations/nl/Outlook-to-Unix-Mailbox-NL.gz]
[tldp.org/pub/Linux/docs/HOWTO/translations/nl/PHP-MySQL-NL.gz]
[tldp.org/pub/Linux/docs/HOWTO/translations/nl/PLIP-Install-HOWTO-NL.gz]
[tldp.org/pub/Linux/docs/HOWTO/translations/nl/PLIP-NL.gz]
[tldp.org/pub/Linux/docs/HOWTO/translations/nl/PPP-pap.gz]
[tldp.org/pub/Linux/docs/HOWTO/translations/nl/Partition-NL.gz]
[tldp.org/pub/Linux/docs/HOWTO/translations/nl/Partition-Rescue-mini-HOWTO-NL.gz]
[tldp.org/pub/Linux/docs/HOWTO/translations/nl/Path-NL.gz]
[tldp.org/pub/Linux/docs/HOWTO/translations/nl/Pine-Exchange-NL.gz]
[tldp.org/pub/Linux/docs/HOWTO/translations/nl/PortSlave-NL.gz]
[tldp.org/pub/Linux/docs/HOWTO/translations/nl/Post-Installation-Checklist-NL.gz]
[tldp.org/pub/Linux/docs/HOWTO/translations/nl/Print2Win-NL.gz]
[tldp.org/pub/Linux/docs/HOWTO/translations/nl/Printen-via-Printserver-NL.gz]
[tldp.org/pub/Linux/docs/HOWTO/translations/nl/Printing-HOWTO-NL.gz]
[tldp.org/pub/Linux/docs/HOWTO/translations/nl/Printing-Usage-HOWTO-NL.gz]
[tldp.org/pub/Linux/docs/HOWTO/translations/nl/Process-Accounting-NL.gz]
[tldp.org/pub/Linux/docs/HOWTO/translations/nl/Programming-Languages-NL.gz]
[tldp.org/pub/Linux/docs/HOWTO/translations/nl/Psion-HOWTO-NL.gz]
[tldp.org/pub/Linux/docs/HOWTO/translations/nl/Quake-HOWTO-NL.gz]
[tldp.org/pub/Linux/docs/HOWTO/translations/nl/Quota-NL.gz]
[tldp.org/pub/Linux/docs/HOWTO/translations/nl/Quoting-HOWTO-NL.gz]
[tldp.org/pub/Linux/docs/HOWTO/translations/nl/RCS-NL.gz]
[tldp.org/pub/Linux/docs/HOWTO/translations/nl/RPM+Slackware-NL.gz]
[tldp.org/pub/Linux/docs/HOWTO/translations/nl/RPM-Gebruik-NL.gz]
[tldp.org/pub/Linux/docs/HOWTO/translations/nl/Reading-List-HOWTO-NL.gz]
[tldp.org/pub/Linux/docs/HOWTO/translations/nl/RedHat-CD-mini-HOWTO-NL.gz]
[tldp.org/pub/Linux/docs/HOWTO/translations/nl/Remote-X-Apps-NL.gz]
[tldp.org/pub/Linux/docs/HOWTO/translations/nl/SB64AWE-mini-HOWTO-NL.gz]
[tldp.org/pub/Linux/docs/HOWTO/translations/nl/SLIP-PPP-Emulator-NL.gz]
[tldp.org/pub/Linux/docs/HOWTO/translations/nl/Saving-Space-NL.gz]
[tldp.org/pub/Linux/docs/HOWTO/translations/nl/Secure-POP+SSH-NL.gz]
[tldp.org/pub/Linux/docs/HOWTO/translations/nl/Security-HOWTO-NL.gz]
[tldp.org/pub/Linux/docs/HOWTO/translations/nl/Sendmail-Address-Rewrite-NL.gz]
[tldp.org/pub/Linux/docs/HOWTO/translations/nl/Separate-Kernel-Trees-NL.gz]
[tldp.org/pub/Linux/docs/HOWTO/translations/nl/Serial-Laplink-HOWTO-NL.gz]
[tldp.org/pub/Linux/docs/HOWTO/translations/nl/Small-Memory-NL.gz]
[tldp.org/pub/Linux/docs/HOWTO/translations/nl/Ssh-Getting-Started-NL.gz]
[tldp.org/pub/Linux/docs/HOWTO/translations/nl/Sybase-PHP-Apache-NL.gz]
[tldp.org/pub/Linux/docs/HOWTO/translations/nl/TT-XFree86-NL.gz]
[tldp.org/pub/Linux/docs/HOWTO/translations/nl/Thinclient-HOWTO-NL.gz]
[tldp.org/pub/Linux/docs/HOWTO/translations/nl/Tips-HOWTO-NL.gz]
[tldp.org/pub/Linux/docs/HOWTO/translations/nl/TkRat-NL.gz]
[tldp.org/pub/Linux/docs/HOWTO/translations/nl/UMSDOS-HOWTO-NL.gz]
[tldp.org/pub/Linux/docs/HOWTO/translations/nl/USB-HOWTO-NL.gz]
[tldp.org/pub/Linux/docs/HOWTO/translations/nl/Ultima-Online-FAQ-NL.gz]
[tldp.org/pub/Linux/docs/HOWTO/translations/nl/Unix-Internet-Fundamentals-HOWTO-NL.gz]
[tldp.org/pub/Linux/docs/HOWTO/translations/nl/Unix-Shell-Script-HOWTO-NL.gz]
[tldp.org/pub/Linux/docs/HOWTO/translations/nl/Upgrade-NL.gz]
[tldp.org/pub/Linux/docs/HOWTO/translations/nl/VAIO+Linux-NL.gz]
[tldp.org/pub/Linux/docs/HOWTO/translations/nl/VAR-HOWTO-NL.gz]
[tldp.org/pub/Linux/docs/HOWTO/translations/nl/VMailMgr-HOWTO-NL.gz]
[tldp.org/pub/Linux/docs/HOWTO/translations/nl/Vim-HOWTO-NL.gz]
[tldp.org/pub/Linux/docs/HOWTO/translations/nl/Virtual-Web-NL.gz]
[tldp.org/pub/Linux/docs/HOWTO/translations/nl/Visual-Bell-NL.gz]
[tldp.org/pub/Linux/docs/HOWTO/translations/nl/WWW-Server-Tips-NL.gz]
[tldp.org/pub/Linux/docs/HOWTO/translations/nl/WWWoffle-NL.gz]
[tldp.org/pub/Linux/docs/HOWTO/translations/nl/WikiText-HOWTO-NL.gz]
[tldp.org/pub/Linux/docs/HOWTO/translations/nl/Winmodems-and-Linux-HOWTO-NL.gz]
[tldp.org/pub/Linux/docs/HOWTO/translations/nl/X-Big-Cursor-NL.gz]
[tldp.org/pub/Linux/docs/HOWTO/translations/nl/X-VVV.gz]
[tldp.org/pub/Linux/docs/HOWTO/translations/nl/XFree86-HOWTO-NL.gz]
[tldp.org/pub/Linux/docs/HOWTO/translations/nl/XFree86-Second-Mouse-NL.gz]
[tldp.org/pub/Linux/docs/HOWTO/translations/nl/XFree86-Touch-Screen-HOWTO-NL.gz]
[tldp.org/pub/Linux/docs/HOWTO/translations/nl/Xinerama-HOWTO-NL.gz]
[tldp.org/pub/Linux/docs/HOWTO/translations/nl/Xterm-Title-NL.gz]
[tldp.org/pub/Linux/docs/HOWTO/translations/nl/ZIP-Drive-NL.gz]
[tldp.org/pub/Linux/docs/HOWTO/translations/nl/ZIP-Install-NL.gz]
[tldp.org/pub/Linux/docs/HOWTO/translations/nl/call-back-mini-HOWTO-NL.gz]
[tldp.org/pub/Linux/docs/HOWTO/translations/nl/packet-filtering-HOWTO.gz]
[tldp.org/pub/Linux/docs/HOWTO/translations/nl/index.html]
[tldp.org/pub/Linux/docs/HOWTO/translations/fr/archive-complete-howto-vf-html-20110315.tar.bz2]
[tldp.org/pub/Linux/docs/HOWTO/translations/fr/archive-complete-howto-vf-html.tar.bz2]
[tldp.org/pub/Linux/docs/HOWTO/translations/fr/index.html]
[tldp.org/pub/Linux/docs/HOWTO/translations/galician/index.html]
[tldp.org/pub/Linux/docs/HOWTO/translations/de/index.html]
[tldp.org/pub/Linux/docs/HOWTO/translations/el/index.html]
[tldp.org/pub/Linux/docs/HOWTO/translations/hebrew/index.html]
[tldp.org/pub/Linux/docs/HOWTO/translations/hu/BogoMips-hu.txt]
[tldp.org/pub/Linux/docs/HOWTO/translations/hu/Bootdisk-HOWTO-hu.txt]
[tldp.org/pub/Linux/docs/HOWTO/translations/hu/C++-dlopen-hu.txt]
[tldp.org/pub/Linux/docs/HOWTO/translations/hu/CD-Writing-HOWTO-hu.txt]
[tldp.org/pub/Linux/docs/HOWTO/translations/hu/CSPM-HOWTO-hu.txt]
[tldp.org/pub/Linux/docs/HOWTO/translations/hu/Cluster-HOWTO-hu.txt]
[tldp.org/pub/Linux/docs/HOWTO/translations/hu/Conexant+Rockwell-modem-HOWTO-hu.txt]
[tldp.org/pub/Linux/docs/HOWTO/translations/hu/DHCP-hu.txt]
[tldp.org/pub/Linux/docs/HOWTO/translations/hu/DNS-HOWTO-hu.txt]
[tldp.org/pub/Linux/docs/HOWTO/translations/hu/DOS-Win-to-Linux-HOWTO-hu.txt]
[tldp.org/pub/Linux/docs/HOWTO/translations/hu/DOSEMU-HOWTO-hu.txt]
[tldp.org/pub/Linux/docs/HOWTO/translations/hu/Debian-Binary-Package-Building-HOWTO-hu.txt]
[tldp.org/pub/Linux/docs/HOWTO/translations/hu/Debian-and-Windows-Shared-Printing-hu.txt]
[tldp.org/pub/Linux/docs/HOWTO/translations/hu/Encrypted-Root-Filesystem-HOWTO-hu.txt]
[tldp.org/pub/Linux/docs/HOWTO/translations/hu/Enterprise-Java-for-Linux-HOWTO-hu.txt]
[tldp.org/pub/Linux/docs/HOWTO/translations/hu/Euro-Char-Support-hu.txt]
[tldp.org/pub/Linux/docs/HOWTO/translations/hu/Flash-Memory-HOWTO-hu.txt]
[tldp.org/pub/Linux/docs/HOWTO/translations/hu/Framebuffer-HOWTO-hu.txt]
[tldp.org/pub/Linux/docs/HOWTO/translations/hu/From-PowerUp-To-Bash-Prompt-HOWTO-hu.txt]
[tldp.org/pub/Linux/docs/HOWTO/translations/hu/Glibc-Install-HOWTO-hu.txt]
[tldp.org/pub/Linux/docs/HOWTO/translations/hu/Glibc2-HOWTO-hu.txt]
[tldp.org/pub/Linux/docs/HOWTO/translations/hu/Handspring-Visor-hu.txt]
[tldp.org/pub/Linux/docs/HOWTO/translations/hu/Home-Electrical-Control-hu.txt]
[tldp.org/pub/Linux/docs/HOWTO/translations/hu/KDE-GUI-Login-Configuration-HOWTO-hu.txt]
[tldp.org/pub/Linux/docs/HOWTO/translations/hu/Kernel-HOWTO-hu.txt]
[tldp.org/pub/Linux/docs/HOWTO/translations/hu/LILO-hu.txt]
[tldp.org/pub/Linux/docs/HOWTO/translations/hu/Linux+NT-Loader-hu.txt]
[tldp.org/pub/Linux/docs/HOWTO/translations/hu/Linux+Win9x+Grub-HOWTO-hu.txt]
[tldp.org/pub/Linux/docs/HOWTO/translations/hu/Linux+XFS-HOWTO-hu.txt]
[tldp.org/pub/Linux/docs/HOWTO/translations/hu/Linux-Crash-HOWTO-hu.txt]
[tldp.org/pub/Linux/docs/HOWTO/translations/hu/MP3-HOWTO-hu.txt]
[tldp.org/pub/Linux/docs/HOWTO/translations/hu/Multi-Distro-Dev-hu.txt]
[tldp.org/pub/Linux/docs/HOWTO/translations/hu/NIS-HOWTO-hu.txt]
[tldp.org/pub/Linux/docs/HOWTO/translations/hu/Oracle-9i-RH8-and-RH9-HOWTO-hu.txt]
[tldp.org/pub/Linux/docs/HOWTO/translations/hu/PalmOS-HOWTO-hu.txt]
[tldp.org/pub/Linux/docs/HOWTO/translations/hu/Program-Library-HOWTO-hu.txt]
[tldp.org/pub/Linux/docs/HOWTO/translations/hu/Quota-hu.txt]
[tldp.org/pub/Linux/docs/HOWTO/translations/hu/Samba-Authenticated-Gateway-HOWTO-hu.txt]
[tldp.org/pub/Linux/docs/HOWTO/translations/hu/Saving-Space-hu.txt]
[tldp.org/pub/Linux/docs/HOWTO/translations/hu/Traffic-Control-tcng-HTB-HOWTO-hu.txt]
[tldp.org/pub/Linux/docs/HOWTO/translations/hu/UPS-HOWTO-hu.txt]
[tldp.org/pub/Linux/docs/HOWTO/translations/hu/USB-Digital-Camera-HOWTO-hu.txt]
[tldp.org/pub/Linux/docs/HOWTO/translations/hu/Web-Browsing-Behind-ISA-Server-HOWTO-hu.txt]
[tldp.org/pub/Linux/docs/HOWTO/translations/hu/Winmodems-and-Linux-HOWTO-hu.txt]
[tldp.org/pub/Linux/docs/HOWTO/translations/hu/XFree86-Touch-Screen-HOWTO-hu.txt]
[tldp.org/pub/Linux/docs/HOWTO/translations/hu/index.html]
[tldp.org/pub/Linux/docs/HOWTO/translations/hu/Xterminals-hu.txt]
[tldp.org/pub/Linux/docs/HOWTO/translations/id/ID-CD-Writing-HOWTO.txt]
[tldp.org/pub/Linux/docs/HOWTO/translations/id/ID-Chinese-HOWTO.txt]
[tldp.org/pub/Linux/docs/HOWTO/translations/id/ID-Config-HOWTO.txt]
[tldp.org/pub/Linux/docs/HOWTO/translations/id/ID-DOS-TO-LINUX-HOWTO.txt]
[tldp.org/pub/Linux/docs/HOWTO/translations/id/ID-DOSEMU-HOWTO.txt]
[tldp.org/pub/Linux/docs/HOWTO/translations/id/ID-Hardware-HOWTO.txt]
[tldp.org/pub/Linux/docs/HOWTO/translations/id/ID-INFO-SHEET.txt]
[tldp.org/pub/Linux/docs/HOWTO/translations/id/ID-Indonesian-HOWTO.txt]
[tldp.org/pub/Linux/docs/HOWTO/translations/id/ID-Installation-HOWTO.txt]
[tldp.org/pub/Linux/docs/HOWTO/translations/id/ID-Intranet-Server-HOWTO.txt]
[tldp.org/pub/Linux/docs/HOWTO/translations/id/ID-Java-CGI-HOWTO.txt]
[tldp.org/pub/Linux/docs/HOWTO/translations/id/ID-NIS-HOWTO.txt]
[tldp.org/pub/Linux/docs/HOWTO/translations/id/ID-RPM-HOWTO.txt]
[tldp.org/pub/Linux/docs/HOWTO/translations/id/ID-Security-HOWTO.txt]
[tldp.org/pub/Linux/docs/HOWTO/translations/id/ID-Tips-HOWTO.txt]
[tldp.org/pub/Linux/docs/HOWTO/translations/id/ID-UMSDOS-HOWTO.txt]
[tldp.org/pub/Linux/docs/HOWTO/translations/id/ID-XFree86-HOWTO.txt]
[tldp.org/pub/Linux/docs/HOWTO/translations/id/id-faq.txt]
[tldp.org/pub/Linux/docs/HOWTO/translations/id/index.html]
[tldp.org/pub/Linux/docs/HOWTO/translations/it/index.html]
[tldp.org/pub/Linux/docs/HOWTO/translations/ja/ATAPI-FAQ.gz]
[tldp.org/pub/Linux/docs/HOWTO/translations/ja/Accessibility-HOWTO.gz]
[tldp.org/pub/Linux/docs/HOWTO/translations/ja/Astronomy-HOWTO.gz]
[tldp.org/pub/Linux/docs/HOWTO/translations/ja/Authentication-Gateway-HOWTO.gz]
[tldp.org/pub/Linux/docs/HOWTO/translations/ja/BLFAQ.gz]
[tldp.org/pub/Linux/docs/HOWTO/translations/ja/Bash-Prog-Intro-HOWTO.gz]
[tldp.org/pub/Linux/docs/HOWTO/translations/ja/Bash-Prompt-HOWTO.gz]
[tldp.org/pub/Linux/docs/HOWTO/translations/ja/Benchmarking-HOWTO.gz]
[tldp.org/pub/Linux/docs/HOWTO/translations/ja/Beowulf-HOWTO.gz]
[tldp.org/pub/Linux/docs/HOWTO/translations/ja/Boot+Root+Raid+LILO.gz]
[tldp.org/pub/Linux/docs/HOWTO/translations/ja/BootPrompt-HOWTO.gz]
[tldp.org/pub/Linux/docs/HOWTO/translations/ja/Bootdisk-HOWTO.gz]
[tldp.org/pub/Linux/docs/HOWTO/translations/ja/Busmouse-HOWTO.gz]
[tldp.org/pub/Linux/docs/HOWTO/translations/ja/CD-Writing-HOWTO.gz]
[tldp.org/pub/Linux/docs/HOWTO/translations/ja/CDROM-HOWTO.gz]
[tldp.org/pub/Linux/docs/HOWTO/translations/ja/CPU-Design-HOWTO.gz]
[tldp.org/pub/Linux/docs/HOWTO/translations/ja/Chinese-HOWTO.gz]
[tldp.org/pub/Linux/docs/HOWTO/translations/ja/Chroot-BIND-HOWTO.gz]
[tldp.org/pub/Linux/docs/HOWTO/translations/ja/Chroot-BIND8-HOWTO.gz]
[tldp.org/pub/Linux/docs/HOWTO/translations/ja/Config-HOWTO.gz]
[tldp.org/pub/Linux/docs/HOWTO/translations/ja/DNS-HOWTO.gz]
[tldp.org/pub/Linux/docs/HOWTO/translations/ja/DOS-Win-to-Linux-HOWTO.gz]
[tldp.org/pub/Linux/docs/HOWTO/translations/ja/DOSEMU-HOWTO.gz]
[tldp.org/pub/Linux/docs/HOWTO/translations/ja/Diskless-HOWTO.gz]
[tldp.org/pub/Linux/docs/HOWTO/translations/ja/ELF-HOWTO.gz]
[tldp.org/pub/Linux/docs/HOWTO/translations/ja/Ecology-HOWTO.gz]
[tldp.org/pub/Linux/docs/HOWTO/translations/ja/Emacs-Beginner-HOWTO.gz]
[tldp.org/pub/Linux/docs/HOWTO/translations/ja/Emacspeak-HOWTO.gz]
[tldp.org/pub/Linux/docs/HOWTO/translations/ja/Ethernet-HOWTO.gz]
[tldp.org/pub/Linux/docs/HOWTO/translations/ja/Filesystems-HOWTO.gz]
[tldp.org/pub/Linux/docs/HOWTO/translations/ja/Firewall-HOWTO.gz]
[tldp.org/pub/Linux/docs/HOWTO/translations/ja/Framebuffer-HOWTO.gz]
[tldp.org/pub/Linux/docs/HOWTO/translations/ja/From-PowerUp-To-Bash-Prompt-HOWTO.gz]
[tldp.org/pub/Linux/docs/HOWTO/translations/ja/Ftape-HOWTO.gz]
[tldp.org/pub/Linux/docs/HOWTO/translations/ja/GCC-FAQ.gz]
[tldp.org/pub/Linux/docs/HOWTO/translations/ja/GCC-HOWTO.gz]
[tldp.org/pub/Linux/docs/HOWTO/translations/ja/GCC-SIG11-FAQ.gz]
[tldp.org/pub/Linux/docs/HOWTO/translations/ja/Glibc2-HOWTO.gz]
[tldp.org/pub/Linux/docs/HOWTO/translations/ja/HOWTO-INDEX.gz]
[tldp.org/pub/Linux/docs/HOWTO/translations/ja/Hardware-HOWTO.gz]
[tldp.org/pub/Linux/docs/HOWTO/translations/ja/IP-Masquerade-HOWTO.gz]
[tldp.org/pub/Linux/docs/HOWTO/translations/ja/IPCHAINS-HOWTO.gz]
[tldp.org/pub/Linux/docs/HOWTO/translations/ja/IPX-HOWTO.gz]
[tldp.org/pub/Linux/docs/HOWTO/translations/ja/ISP-Hookup-HOWTO.gz]
[tldp.org/pub/Linux/docs/HOWTO/translations/ja/Infrared-HOWTO.gz]
[tldp.org/pub/Linux/docs/HOWTO/translations/ja/Installation-HOWTO.gz]
[tldp.org/pub/Linux/docs/HOWTO/translations/ja/Intranet-Server-HOWTO.gz]
[tldp.org/pub/Linux/docs/HOWTO/translations/ja/Java-CGI-HOWTO.gz]
[tldp.org/pub/Linux/docs/HOWTO/translations/ja/Jaz-Drive-HOWTO.gz]
[tldp.org/pub/Linux/docs/HOWTO/translations/ja/Kernel-HOWTO.gz]
[tldp.org/pub/Linux/docs/HOWTO/translations/ja/Keyboard-and-Console-HOWTO.gz]
[tldp.org/pub/Linux/docs/HOWTO/translations/ja/KickStart-HOWTO.gz]
[tldp.org/pub/Linux/docs/HOWTO/translations/ja/LDAP-HOWTO.gz]
[tldp.org/pub/Linux/docs/HOWTO/translations/ja/LDAP-Implementation-HOWTO.gz]
[tldp.org/pub/Linux/docs/HOWTO/translations/ja/LDP-Author-Guide.gz]
[tldp.org/pub/Linux/docs/HOWTO/translations/ja/LILO-FAQ.gz]
[tldp.org/pub/Linux/docs/HOWTO/translations/ja/LILO-crash-rescue-HOWTO.gz]
[tldp.org/pub/Linux/docs/HOWTO/translations/ja/LVM-HOWTO.gz]
[tldp.org/pub/Linux/docs/HOWTO/translations/ja/Large-Disk-HOWTO.gz]
[tldp.org/pub/Linux/docs/HOWTO/translations/ja/Linmodem-HOWTO.gz]
[tldp.org/pub/Linux/docs/HOWTO/translations/ja/Linux+Win9x+Grub-HOWTO.gz]
[tldp.org/pub/Linux/docs/HOWTO/translations/ja/LinuxDoc+Emacs+Ispell-HOWTO.gz]
[tldp.org/pub/Linux/docs/HOWTO/translations/ja/Loopback-Encrypted-Filesystem-HOWTO.gz]
[tldp.org/pub/Linux/docs/HOWTO/translations/ja/MILO-HOWTO.gz]
[tldp.org/pub/Linux/docs/HOWTO/translations/ja/MIPS-HOWTO.gz]
[tldp.org/pub/Linux/docs/HOWTO/translations/ja/MP3-HOWTO.gz]
[tldp.org/pub/Linux/docs/HOWTO/translations/ja/Mail-Administrator-HOWTO.gz]
[tldp.org/pub/Linux/docs/HOWTO/translations/ja/Mail-User-HOWTO.gz]
[tldp.org/pub/Linux/docs/HOWTO/translations/ja/Man-Page.gz]
[tldp.org/pub/Linux/docs/HOWTO/translations/ja/Medicine-HOWTO.gz]
[tldp.org/pub/Linux/docs/HOWTO/translations/ja/Modem-HOWTO.gz]
[tldp.org/pub/Linux/docs/HOWTO/translations/ja/Module-HOWTO.gz]
[tldp.org/pub/Linux/docs/HOWTO/translations/ja/Multi-Disk-HOWTO.gz]
[tldp.org/pub/Linux/docs/HOWTO/translations/ja/MultiOS-HOWTO.gz]
[tldp.org/pub/Linux/docs/HOWTO/translations/ja/Mutt-GnuPG-PGP-HOWTO.gz]
[tldp.org/pub/Linux/docs/HOWTO/translations/ja/NET3-4-HOWTO.gz]
[tldp.org/pub/Linux/docs/HOWTO/translations/ja/NFS-HOWTO.gz]
[tldp.org/pub/Linux/docs/HOWTO/translations/ja/NIS-HOWTO.gz]
[tldp.org/pub/Linux/docs/HOWTO/translations/ja/Networking-Overview-HOWTO.gz]
[tldp.org/pub/Linux/docs/HOWTO/translations/ja/News-HOWTO.gz]
[tldp.org/pub/Linux/docs/HOWTO/translations/ja/Oracle-8-HOWTO.gz]
[tldp.org/pub/Linux/docs/HOWTO/translations/ja/PCMCIA-HOWTO.gz]
[tldp.org/pub/Linux/docs/HOWTO/translations/ja/PPP-HOWTO.gz]
[tldp.org/pub/Linux/docs/HOWTO/translations/ja/Parallel-Processing-HOWTO.gz]
[tldp.org/pub/Linux/docs/HOWTO/translations/ja/Pilot-HOWTO.gz]
[tldp.org/pub/Linux/docs/HOWTO/translations/ja/Plug-and-Play-HOWTO.gz]
[tldp.org/pub/Linux/docs/HOWTO/translations/ja/Printing-HOWTO.gz]
[tldp.org/pub/Linux/docs/HOWTO/translations/ja/Printing-Usage-HOWTO.gz]
[tldp.org/pub/Linux/docs/HOWTO/translations/ja/Program-Library-HOWTO.gz]
[tldp.org/pub/Linux/docs/HOWTO/translations/ja/RPM-HOWTO.gz]
[tldp.org/pub/Linux/docs/HOWTO/translations/ja/Reading-List-HOWTO.gz]
[tldp.org/pub/Linux/docs/HOWTO/translations/ja/RedHat-CD-HOWTO.gz]
[tldp.org/pub/Linux/docs/HOWTO/translations/ja/Root-RAID-HOWTO.gz]
[tldp.org/pub/Linux/docs/HOWTO/translations/ja/SCSI-HOWTO.gz]
[tldp.org/pub/Linux/docs/HOWTO/translations/ja/SCSI-Programming-HOWTO.gz]
[tldp.org/pub/Linux/docs/HOWTO/translations/ja/SMB-HOWTO.gz]
[tldp.org/pub/Linux/docs/HOWTO/translations/ja/SSL-RedHat-HOWTO.gz]
[tldp.org/pub/Linux/docs/HOWTO/translations/ja/Secure-Programs-HOWTO.gz]
[tldp.org/pub/Linux/docs/HOWTO/translations/ja/Security-HOWTO.gz]
[tldp.org/pub/Linux/docs/HOWTO/translations/ja/Serial-HOWTO.gz]
[tldp.org/pub/Linux/docs/HOWTO/translations/ja/Serial-Programming-HOWTO.gz]
[tldp.org/pub/Linux/docs/HOWTO/translations/ja/Shadow-Password-HOWTO.gz]
[tldp.org/pub/Linux/docs/HOWTO/translations/ja/Software-Building-HOWTO.gz]
[tldp.org/pub/Linux/docs/HOWTO/translations/ja/Software-Release-Practice-HOWTO.gz]
[tldp.org/pub/Linux/docs/HOWTO/translations/ja/Sound-HOWTO.gz]
[tldp.org/pub/Linux/docs/HOWTO/translations/ja/Sound-Playing-HOWTO.gz]
[tldp.org/pub/Linux/docs/HOWTO/translations/ja/Speech-Recognition-HOWTO.gz]
[tldp.org/pub/Linux/docs/HOWTO/translations/ja/Term-HOWTO.gz]
[tldp.org/pub/Linux/docs/HOWTO/translations/ja/Text-Terminal-HOWTO.gz]
[tldp.org/pub/Linux/docs/HOWTO/translations/ja/The-Linux-Kernel.gz]
[tldp.org/pub/Linux/docs/HOWTO/translations/ja/Tips-HOWTO.gz]
[tldp.org/pub/Linux/docs/HOWTO/translations/ja/UMSDOS-HOWTO.gz]
[tldp.org/pub/Linux/docs/HOWTO/translations/ja/UUCP-HOWTO.gz]
[tldp.org/pub/Linux/docs/HOWTO/translations/ja/Unix-and-Internet-Fundamentals-HOWTO.gz]
[tldp.org/pub/Linux/docs/HOWTO/translations/ja/User-Authentication-HOWTO.gz]
[tldp.org/pub/Linux/docs/HOWTO/translations/ja/VME-HOWTO.gz]
[tldp.org/pub/Linux/docs/HOWTO/translations/ja/VMS-to-Linux-HOWTO.gz]
[tldp.org/pub/Linux/docs/HOWTO/translations/ja/VPN-HOWTO.gz]
[tldp.org/pub/Linux/docs/HOWTO/translations/ja/Virtual-Services-HOWTO.gz]
[tldp.org/pub/Linux/docs/HOWTO/translations/ja/WWW-mSQL-HOWTO.gz]
[tldp.org/pub/Linux/docs/HOWTO/translations/ja/Wearable-HOWTO.gz]
[tldp.org/pub/Linux/docs/HOWTO/translations/ja/Windows-LAN-Server-HOWTO.gz]
[tldp.org/pub/Linux/docs/HOWTO/translations/ja/Wine-FAQ.gz]
[tldp.org/pub/Linux/docs/HOWTO/translations/ja/Winmodems-and-Linux-HOWTO.gz]
[tldp.org/pub/Linux/docs/HOWTO/translations/ja/XFree86-HOWTO.gz]
[tldp.org/pub/Linux/docs/HOWTO/translations/ja/XFree86-Video-Timings-HOWTO.gz]
[tldp.org/pub/Linux/docs/HOWTO/translations/ja/XML-RPC-HOWTO.gz]
[tldp.org/pub/Linux/docs/HOWTO/translations/ja/XWindow-User-HOWTO.gz]
[tldp.org/pub/Linux/docs/HOWTO/translations/ja/i810-HOWTO.gz]
[tldp.org/pub/Linux/docs/HOWTO/translations/ja/index.html]
[tldp.org/pub/Linux/docs/HOWTO/translations/ko/00README]
[tldp.org/pub/Linux/docs/HOWTO/translations/ko/3Dfx-HOWTO.gz]
[tldp.org/pub/Linux/docs/HOWTO/translations/ko/Access-HOWTO.gz]
[tldp.org/pub/Linux/docs/HOWTO/translations/ko/Assembly-HOWTO.gz]
[tldp.org/pub/Linux/docs/HOWTO/translations/ko/Bash-Prog-Intro-HOWTO.gz]
[tldp.org/pub/Linux/docs/HOWTO/translations/ko/Bash-Prompt-HOWTO.gz]
[tldp.org/pub/Linux/docs/HOWTO/translations/ko/Beowulf-HOWTO.gz]
[tldp.org/pub/Linux/docs/HOWTO/translations/ko/BootPrompt-HOWTO.gz]
[tldp.org/pub/Linux/docs/HOWTO/translations/ko/Bootdisk-HOWTO.gz]
[tldp.org/pub/Linux/docs/HOWTO/translations/ko/Busmouse-HOWTO.gz]
[tldp.org/pub/Linux/docs/HOWTO/translations/ko/C++Programming-HOWTO.gz]
[tldp.org/pub/Linux/docs/HOWTO/translations/ko/C-C++Beautifier-HOWTO.gz]
[tldp.org/pub/Linux/docs/HOWTO/translations/ko/Chroot-BIND-HOWTO.gz]
[tldp.org/pub/Linux/docs/HOWTO/translations/ko/Configuration-HOWTO.gz]
[tldp.org/pub/Linux/docs/HOWTO/translations/ko/Cyrus-IMAP-HOWTO.gz]
[tldp.org/pub/Linux/docs/HOWTO/translations/ko/DNS-HOWTO.gz]
[tldp.org/pub/Linux/docs/HOWTO/translations/ko/DOS-Win-to-Linux-HOWTO.gz]
[tldp.org/pub/Linux/docs/HOWTO/translations/ko/DVD-Playing-HOWTO.gz]
[tldp.org/pub/Linux/docs/HOWTO/translations/ko/Dos-Win-to-Linux-HOWTO-2.gz]
[tldp.org/pub/Linux/docs/HOWTO/translations/ko/Emacs-Beginner-HOWTO.gz]
[tldp.org/pub/Linux/docs/HOWTO/translations/ko/Ethernet-HOWTO.gz]
[tldp.org/pub/Linux/docs/HOWTO/translations/ko/Firewall-HOWTO.gz]
[tldp.org/pub/Linux/docs/HOWTO/translations/ko/Font-HOWTO.gz]
[tldp.org/pub/Linux/docs/HOWTO/translations/ko/GCC-HOWTO.gz]
[tldp.org/pub/Linux/docs/HOWTO/translations/ko/Glibc2-HOWTO.gz]
[tldp.org/pub/Linux/docs/HOWTO/translations/ko/Hardware-HOWTO.gz]
[tldp.org/pub/Linux/docs/HOWTO/translations/ko/IP-Masquerade-HOWTO.gz]
[tldp.org/pub/Linux/docs/HOWTO/translations/ko/IPX-HOWTO.gz]
[tldp.org/pub/Linux/docs/HOWTO/translations/ko/ISP-Hookup-HOWTO.gz]
[tldp.org/pub/Linux/docs/HOWTO/translations/ko/Installation-HOWTO.gz]
[tldp.org/pub/Linux/docs/HOWTO/translations/ko/Intranet-Server-HOWTO.gz]
[tldp.org/pub/Linux/docs/HOWTO/translations/ko/Java-CGI-HOWTO.gz]
[tldp.org/pub/Linux/docs/HOWTO/translations/ko/Kernel-HOWTO.gz]
[tldp.org/pub/Linux/docs/HOWTO/translations/ko/Keyboard-and-Console-HOWTO.gz]
[tldp.org/pub/Linux/docs/HOWTO/translations/ko/KickStart-HOWTO.gz]
[tldp.org/pub/Linux/docs/HOWTO/translations/ko/LDAP-HOWTO.gz]
[tldp.org/pub/Linux/docs/HOWTO/translations/ko/LILO-crash-rescue-HOWTO.gz]
[tldp.org/pub/Linux/docs/HOWTO/translations/ko/Linux-From-Scratch-HOWTO.gz]
[tldp.org/pub/Linux/docs/HOWTO/translations/ko/Loopback-Encrypted-Filesystem-HOWTO.gz]
[tldp.org/pub/Linux/docs/HOWTO/translations/ko/META-FAQ.gz]
[tldp.org/pub/Linux/docs/HOWTO/translations/ko/MP3-HOWTO.gz]
[tldp.org/pub/Linux/docs/HOWTO/translations/ko/Mail-User-HOWTO.gz]
[tldp.org/pub/Linux/docs/HOWTO/translations/ko/Multicast-HOWTO.gz]
[tldp.org/pub/Linux/docs/HOWTO/translations/ko/NET-3-HOWTO.gz]
[tldp.org/pub/Linux/docs/HOWTO/translations/ko/NET3-4-HOWTO.gz]
[tldp.org/pub/Linux/docs/HOWTO/translations/ko/NIS-HOWTO.gz]
[tldp.org/pub/Linux/docs/HOWTO/translations/ko/Networking-Overview-HOWTO.gz]
[tldp.org/pub/Linux/docs/HOWTO/translations/ko/Online-Troubleshooting-HOWTO.gz]
[tldp.org/pub/Linux/docs/HOWTO/translations/ko/Oracle-8-HOWTO.gz]
[tldp.org/pub/Linux/docs/HOWTO/translations/ko/Oracle-HOWTO.gz]
[tldp.org/pub/Linux/docs/HOWTO/translations/ko/PHP-HOWTO.gz]
[tldp.org/pub/Linux/docs/HOWTO/translations/ko/PPP-HOWTO.gz]
[tldp.org/pub/Linux/docs/HOWTO/translations/ko/PalmOS-HOWTO.gz]
[tldp.org/pub/Linux/docs/HOWTO/translations/ko/Parallel-Processing-HOWTO.gz]
[tldp.org/pub/Linux/docs/HOWTO/translations/ko/Pilot-HOWTO.gz]
[tldp.org/pub/Linux/docs/HOWTO/translations/ko/Plug-and-Play-HOWTO.gz]
[tldp.org/pub/Linux/docs/HOWTO/translations/ko/Printing-HOWTO.gz]
[tldp.org/pub/Linux/docs/HOWTO/translations/ko/Printing-Usage-HOWTO.gz]
[tldp.org/pub/Linux/docs/HOWTO/translations/ko/Program-Library-HOWTO.gz]
[tldp.org/pub/Linux/docs/HOWTO/translations/ko/Qmail-HOWTO.gz]
[tldp.org/pub/Linux/docs/HOWTO/translations/ko/RPM-HOWTO.gz]
[tldp.org/pub/Linux/docs/HOWTO/translations/ko/Reading-List-HOWTO.gz]
[tldp.org/pub/Linux/docs/HOWTO/translations/ko/SMB-HOWTO.gz]
[tldp.org/pub/Linux/docs/HOWTO/translations/ko/Security-HOWTO.gz]
[tldp.org/pub/Linux/docs/HOWTO/translations/ko/Serial-Programming-HOWTO.gz]
[tldp.org/pub/Linux/docs/HOWTO/translations/ko/Shadow-Password-HOWTO.gz]
[tldp.org/pub/Linux/docs/HOWTO/translations/ko/Software-Building-HOWTO.gz]
[tldp.org/pub/Linux/docs/HOWTO/translations/ko/Software-RAID-HOWTO.gz]
[tldp.org/pub/Linux/docs/HOWTO/translations/ko/Software-Release-Practice-HOWTO.gz]
[tldp.org/pub/Linux/docs/HOWTO/translations/ko/Sound-HOWTO.gz]
[tldp.org/pub/Linux/docs/HOWTO/translations/ko/Sound-Playing-HOWTO.gz]
[tldp.org/pub/Linux/docs/HOWTO/translations/ko/TclTk-HOWTO.gz]
[tldp.org/pub/Linux/docs/HOWTO/translations/ko/TeTeX-HOWTO.gz]
[tldp.org/pub/Linux/docs/HOWTO/translations/ko/Thinclient-HOWTO.gz]
[tldp.org/pub/Linux/docs/HOWTO/translations/ko/Tips-HOWTO.gz]
[tldp.org/pub/Linux/docs/HOWTO/translations/ko/UMSDOS-HOWTO.gz]
[tldp.org/pub/Linux/docs/HOWTO/translations/ko/USB-HOWTO.gz]
[tldp.org/pub/Linux/docs/HOWTO/translations/ko/UUCP-HOWTO.gz]
[tldp.org/pub/Linux/docs/HOWTO/translations/ko/Unix-Internet-Fundamentals-HOWTO.gz]
[tldp.org/pub/Linux/docs/HOWTO/translations/ko/Virtual-Services-HOWTO.gz]
[tldp.org/pub/Linux/docs/HOWTO/translations/ko/Winmodems-and-Linux-HOWTO.gz]
[tldp.org/pub/Linux/docs/HOWTO/translations/ko/XFree86-HOWTO.gz]
[tldp.org/pub/Linux/docs/HOWTO/translations/ko/XFree86-Touch-Screen-HOWTO.gz]
[tldp.org/pub/Linux/docs/HOWTO/translations/ko/XFree86-Video-Timings-HOWTO.gz]
[tldp.org/pub/Linux/docs/HOWTO/translations/ko/index.html]
[tldp.org/pub/Linux/docs/HOWTO/translations/ko/XWindow-User-HOWTO.gz]
[tldp.org/pub/Linux/docs/HOWTO/translations/pl/AX25-HOWTO.pl.txt.zip]
[tldp.org/pub/Linux/docs/HOWTO/translations/pl/Alpha-HOWTO.pl.txt.zip]
[tldp.org/pub/Linux/docs/HOWTO/translations/pl/BootPrompt-HOWTO.pl.txt.zip]
[tldp.org/pub/Linux/docs/HOWTO/translations/pl/Bzip2-HOWTO.pl.txt.zip]
[tldp.org/pub/Linux/docs/HOWTO/translations/pl/CD-Writing-HOWTO.pl.txt.zip]
[tldp.org/pub/Linux/docs/HOWTO/translations/pl/CDROM-HOWTO.pl.txt.zip]
[tldp.org/pub/Linux/docs/HOWTO/translations/pl/Cyrillic-HOWTO.pl.txt.zip]
[tldp.org/pub/Linux/docs/HOWTO/translations/pl/DNS-HOWTO.pl.txt.zip]
[tldp.org/pub/Linux/docs/HOWTO/translations/pl/DNS49-HOWTO.pl.txt.zip]
[tldp.org/pub/Linux/docs/HOWTO/translations/pl/Dos2Linux-HOWTO.pl.txt.zip]
[tldp.org/pub/Linux/docs/HOWTO/translations/pl/Firewall-HOWTO.pl.txt.zip]
[tldp.org/pub/Linux/docs/HOWTO/translations/pl/Ftape-HOWTO.pl.txt.zip]
[tldp.org/pub/Linux/docs/HOWTO/translations/pl/HOWTOs-txt.zip]
[tldp.org/pub/Linux/docs/HOWTO/translations/pl/INFO-SHEET-HOWTO.pl.txt.zip]
[tldp.org/pub/Linux/docs/HOWTO/translations/pl/ISP-Hookup-HOWTO.pl.txt.zip]
[tldp.org/pub/Linux/docs/HOWTO/translations/pl/Install-HOWTO.pl.txt.zip]
[tldp.org/pub/Linux/docs/HOWTO/translations/pl/Intranet-Server-HOWTO.pl.txt.zip]
[tldp.org/pub/Linux/docs/HOWTO/translations/pl/JTZ-HOWTO.pl.txt.zip]
[tldp.org/pub/Linux/docs/HOWTO/translations/pl/Kernel-HOWTO.pl.txt.zip]
[tldp.org/pub/Linux/docs/HOWTO/translations/pl/Large-Disk-HOWTO.pl.txt.zip]
[tldp.org/pub/Linux/docs/HOWTO/translations/pl/META-HOWTO.pl.txt.zip]
[tldp.org/pub/Linux/docs/HOWTO/translations/pl/MILO-HOWTO.pl.txt.zip]
[tldp.org/pub/Linux/docs/HOWTO/translations/pl/NET-3-HOWTO.pl.txt.zip]
[tldp.org/pub/Linux/docs/HOWTO/translations/pl/NIS-HOWTO.pl.txt.zip]
[tldp.org/pub/Linux/docs/HOWTO/translations/pl/PCMCIA-HOWTO.pl.txt.zip]
[tldp.org/pub/Linux/docs/HOWTO/translations/pl/Printing-HOWTO.pl.txt.zip]
[tldp.org/pub/Linux/docs/HOWTO/translations/pl/Printing-Usage-HOWTO.pl.txt.zip]
[tldp.org/pub/Linux/docs/HOWTO/translations/pl/RPM-HOWTO.pl.txt.zip]
[tldp.org/pub/Linux/docs/HOWTO/translations/pl/SMB-HOWTO.pl.txt.zip]
[tldp.org/pub/Linux/docs/HOWTO/translations/pl/Shadow-Password-HOWTO.pl.txt.zip]
[tldp.org/pub/Linux/docs/HOWTO/translations/pl/Sound-HOWTO.pl.txt.zip]
[tldp.org/pub/Linux/docs/HOWTO/translations/pl/Sound-Playing-HOWTO.pl.txt.zip]
[tldp.org/pub/Linux/docs/HOWTO/translations/pl/UMSDOS-HOWTO.pl.txt.zip]
[tldp.org/pub/Linux/docs/HOWTO/translations/pl/User-Group-HOWTO.pl.txt.zip]
[tldp.org/pub/Linux/docs/HOWTO/translations/pl/index.html]
[tldp.org/pub/Linux/docs/HOWTO/translations/pl/Wacom-Tablet-HOWTO.pl.txt.zip]
[tldp.org/pub/Linux/docs/HOWTO/translations/ru/index.html]
[tldp.org/pub/Linux/docs/HOWTO/translations/sl/Access-HOWTO-sl.txt.gz]
[tldp.org/pub/Linux/docs/HOWTO/translations/sl/Bash-Prog-Intro-HOWTO-sl.txt.gz]
[tldp.org/pub/Linux/docs/HOWTO/translations/sl/CD-Writing-HOWTO-sl.txt.gz]
[tldp.org/pub/Linux/docs/HOWTO/translations/sl/CVS-RCS-HOWTO-sl.txt.gz]
[tldp.org/pub/Linux/docs/HOWTO/translations/sl/DNS-HOWTO-sl.txt.gz]
[tldp.org/pub/Linux/docs/HOWTO/translations/sl/DOS-Win-to-Linux-HOWTO-sl.txt.gz]
[tldp.org/pub/Linux/docs/HOWTO/translations/sl/Emacs-Beginner-HOWTO-sl.txt.gz]
[tldp.org/pub/Linux/docs/HOWTO/translations/sl/GPG-Party-HOWTO-sl.txt.gz]
[tldp.org/pub/Linux/docs/HOWTO/translations/sl/INFO-SHEET-sl.txt.gz]
[tldp.org/pub/Linux/docs/HOWTO/translations/sl/Installation-HOWTO-sl.txt.gz]
[tldp.org/pub/Linux/docs/HOWTO/translations/sl/Kernel-HOWTO-sl.txt.gz]
[tldp.org/pub/Linux/docs/HOWTO/translations/sl/Linux-FAQ-sl.txt.gz]
[tldp.org/pub/Linux/docs/HOWTO/translations/sl/LinuxDoc+Emacs+Ispell-HOWTO-sl.txt.gz]
[tldp.org/pub/Linux/docs/HOWTO/translations/sl/MP3-HOWTO-sl.txt.gz]
[tldp.org/pub/Linux/docs/HOWTO/translations/sl/PPP-HOWTO-sl.txt.gz]
[tldp.org/pub/Linux/docs/HOWTO/translations/sl/PPP-NT-HOWTO-sl.txt.gz]
[tldp.org/pub/Linux/docs/HOWTO/translations/sl/Printing-HOWTO-sl.txt.gz]
[tldp.org/pub/Linux/docs/HOWTO/translations/sl/Printing-Usage-HOWTO-sl.txt.gz]
[tldp.org/pub/Linux/docs/HOWTO/translations/sl/RPM-HOWTO-sl.txt.gz]
[tldp.org/pub/Linux/docs/HOWTO/translations/sl/Samba-Server-sl.txt.gz]
[tldp.org/pub/Linux/docs/HOWTO/translations/sl/Slovenian-HOWTO.txt.gz]
[tldp.org/pub/Linux/docs/HOWTO/translations/sl/TeTeX-HOWTO-sl.txt.gz]
[tldp.org/pub/Linux/docs/HOWTO/translations/sl/Tips-HOWTO-sl.txt.gz]
[tldp.org/pub/Linux/docs/HOWTO/translations/sl/Unicode-HOWTO-sl.txt.gz]
[tldp.org/pub/Linux/docs/HOWTO/translations/sl/Unix-FAQ-sl.txt.gz]
[tldp.org/pub/Linux/docs/HOWTO/translations/sl/Unix-and-Internet-Fundamentals-HOWTO-sl.txt.gz]
[tldp.org/pub/Linux/docs/HOWTO/translations/sl/XFree86-HOWTO-sl.txt.gz]
[tldp.org/pub/Linux/docs/HOWTO/translations/sl/index.html]
[tldp.org/pub/Linux/docs/HOWTO/translations/es/Abogacia-Por-Linux-Como.gz]
[tldp.org/pub/Linux/docs/HOWTO/translations/es/Accesibilidad-Como.gz]
[tldp.org/pub/Linux/docs/HOWTO/translations/es/Bash-Prog-Intro-COMO.gz]
[tldp.org/pub/Linux/docs/HOWTO/translations/es/Bash-Prompt-Como.gz]
[tldp.org/pub/Linux/docs/HOWTO/translations/es/Benchmarking-COMO.gz]
[tldp.org/pub/Linux/docs/HOWTO/translations/es/BitchX-Como.gz]
[tldp.org/pub/Linux/docs/HOWTO/translations/es/CDRom-Como.gz]
[tldp.org/pub/Linux/docs/HOWTO/translations/es/Coda-COMO.gz]
[tldp.org/pub/Linux/docs/HOWTO/translations/es/Compatibilidad-Hardware-Como.txt.gz]
[tldp.org/pub/Linux/docs/HOWTO/translations/es/Configuracion-Impresion-Como.gz]
[tldp.org/pub/Linux/docs/HOWTO/translations/es/Cortafuegos-COMO.gz]
[tldp.org/pub/Linux/docs/HOWTO/translations/es/Cortafuegos-Como-2.gz]
[tldp.org/pub/Linux/docs/HOWTO/translations/es/DNS-Como.gz]
[tldp.org/pub/Linux/docs/HOWTO/translations/es/Diald-Como.gz]
[tldp.org/pub/Linux/docs/HOWTO/translations/es/Dos-Win-Linux-Como.gz]
[tldp.org/pub/Linux/docs/HOWTO/translations/es/Dos-a-Linux-Como.gz]
[tldp.org/pub/Linux/docs/HOWTO/translations/es/Dosemu-Como.gz]
[tldp.org/pub/Linux/docs/HOWTO/translations/es/Ecologia-y-Linux-COMO.gz]
[tldp.org/pub/Linux/docs/HOWTO/translations/es/FEddi-Como.gz]
[tldp.org/pub/Linux/docs/HOWTO/translations/es/Ftp-Anonimo-Como.gz]
[tldp.org/pub/Linux/docs/HOWTO/translations/es/Fuente-ISO-Como.gz]
[tldp.org/pub/Linux/docs/HOWTO/translations/es/Grabadoras-Como.gz]
[tldp.org/pub/Linux/docs/HOWTO/translations/es/IP-Masquerade-Como.gz]
[tldp.org/pub/Linux/docs/HOWTO/translations/es/Ifmail-Como.gz]
[tldp.org/pub/Linux/docs/HOWTO/translations/es/InfoSheet-Como.gz]
[tldp.org/pub/Linux/docs/HOWTO/translations/es/Infobia-Como.gz]
[tldp.org/pub/Linux/docs/HOWTO/translations/es/Inn-Suck-Como.gz]
[tldp.org/pub/Linux/docs/HOWTO/translations/es/Kernel-Como.gz]
[tldp.org/pub/Linux/docs/HOWTO/translations/es/LDAP-Linux-Como.gz]
[tldp.org/pub/Linux/docs/HOWTO/translations/es/LEAME]
[tldp.org/pub/Linux/docs/HOWTO/translations/es/La_empresa_ante_el_software_libre.gz]
[tldp.org/pub/Linux/docs/HOWTO/translations/es/Linux-Tips-Como.gz]
[tldp.org/pub/Linux/docs/HOWTO/translations/es/Linuxdoc-Como.gz]
[tldp.org/pub/Linux/docs/HOWTO/translations/es/Linuxdoc-Ejemplo.gz]
[tldp.org/pub/Linux/docs/HOWTO/translations/es/MD5]
[tldp.org/pub/Linux/docs/HOWTO/translations/es/MP3-Como.gz]
[tldp.org/pub/Linux/docs/HOWTO/translations/es/MetaFAQ-Como.gz]
[tldp.org/pub/Linux/docs/HOWTO/translations/es/Mutt-GnuPG-PGP-Como.gz]
[tldp.org/pub/Linux/docs/HOWTO/translations/es/NAT-COMO.gz]
[tldp.org/pub/Linux/docs/HOWTO/translations/es/Nis-Como.gz]
[tldp.org/pub/Linux/docs/HOWTO/translations/es/Noticias-Como.gz]
[tldp.org/pub/Linux/docs/HOWTO/translations/es/PCMCIA-Como.gz]
[tldp.org/pub/Linux/docs/HOWTO/translations/es/PORHACER]
[tldp.org/pub/Linux/docs/HOWTO/translations/es/PPP-Como.gz]
[tldp.org/pub/Linux/docs/HOWTO/translations/es/Pilot-Como.gz]
[tldp.org/pub/Linux/docs/HOWTO/translations/es/Programacion-Serie-Como.gz]
[tldp.org/pub/Linux/docs/HOWTO/translations/es/Propiedad-Intelectual-Como.gz]
[tldp.org/pub/Linux/docs/HOWTO/translations/es/QuakeI-II-Como.gz]
[tldp.org/pub/Linux/docs/HOWTO/translations/es/RDSI-Como.gz]
[tldp.org/pub/Linux/docs/HOWTO/translations/es/RPM-Como.gz]
[tldp.org/pub/Linux/docs/HOWTO/translations/es/Redes-En-Linux-Como.gz]
[tldp.org/pub/Linux/docs/HOWTO/translations/es/Reproduccion-De-Sonido-Como.gz]
[tldp.org/pub/Linux/docs/HOWTO/translations/es/Samba-Como.gz]
[tldp.org/pub/Linux/docs/HOWTO/translations/es/Serie-Como.gz]
[tldp.org/pub/Linux/docs/HOWTO/translations/es/Servidor-IRC-Como.gz]
[tldp.org/pub/Linux/docs/HOWTO/translations/es/Software-RAID-Como.gz]
[tldp.org/pub/Linux/docs/HOWTO/translations/es/Sonido-COMO.gz]
[tldp.org/pub/Linux/docs/HOWTO/translations/es/Spanish-Como.gz]
[tldp.org/pub/Linux/docs/HOWTO/translations/es/TODO]
[tldp.org/pub/Linux/docs/HOWTO/translations/es/Term-Como.gz]
[tldp.org/pub/Linux/docs/HOWTO/translations/es/Terminales-Como.gz]
[tldp.org/pub/Linux/docs/HOWTO/translations/es/UUCP-Como.gz]
[tldp.org/pub/Linux/docs/HOWTO/translations/es/Umsdos-Como.gz]
[tldp.org/pub/Linux/docs/HOWTO/translations/es/Uso-Impresion-Como.gz]
[tldp.org/pub/Linux/docs/HOWTO/translations/es/WWW-Como.gz]
[tldp.org/pub/Linux/docs/HOWTO/translations/es/XFree86-Como.gz]
[tldp.org/pub/Linux/docs/HOWTO/translations/es/XFree86-Config-COMO.txt.gz]
[tldp.org/pub/Linux/docs/HOWTO/translations/es/conceptos-de-redes-COMO.gz]
[tldp.org/pub/Linux/docs/HOWTO/translations/es/index.html]
[tldp.org/pub/Linux/docs/HOWTO/translations/es/netfilter-hacking-COMO.txt.gz]
[tldp.org/pub/Linux/docs/HOWTO/translations/sv/Chinese-HOWTO-se.txt.gz]
[tldp.org/pub/Linux/docs/HOWTO/translations/sv/Config-HOWTO-se.txt.gz]
[tldp.org/pub/Linux/docs/HOWTO/translations/sv/DOS-Win-to-Linux-HOWTO-se.txt.gz]
[tldp.org/pub/Linux/docs/HOWTO/translations/sv/Firewall-HOWTO-se.txt.gz]
[tldp.org/pub/Linux/docs/HOWTO/translations/sv/Glibc2-HOWTO-se.txt.gz]
[tldp.org/pub/Linux/docs/HOWTO/translations/sv/INFO-SHEET-se.txt.gz]
[tldp.org/pub/Linux/docs/HOWTO/translations/sv/ISP-Hookup-HOWTO-se.txt.gz]
[tldp.org/pub/Linux/docs/HOWTO/translations/sv/Installation-HOWTO-se.txt.gz]
[tldp.org/pub/Linux/docs/HOWTO/translations/sv/Kernel-HOWTO-se.txt.gz]
[tldp.org/pub/Linux/docs/HOWTO/translations/sv/LinuxDoc_Emacs_Ispell-HOWTO-se.txt.gz]
[tldp.org/pub/Linux/docs/HOWTO/translations/sv/META-FAQ-se.txt.gz]
[tldp.org/pub/Linux/docs/HOWTO/translations/sv/MIRRORS]
[tldp.org/pub/Linux/docs/HOWTO/translations/sv/Mail-HOWTO-se.txt.gz]
[tldp.org/pub/Linux/docs/HOWTO/translations/sv/NET-3-HOWTO-se.txt.gz]
[tldp.org/pub/Linux/docs/HOWTO/translations/sv/Printing-HOWTO-se.txt.gz]
[tldp.org/pub/Linux/docs/HOWTO/translations/sv/Printing-Usage-HOWTO-se.txt.gz]
[tldp.org/pub/Linux/docs/HOWTO/translations/sv/Quake-HOWTO-se.txt.gz]
[tldp.org/pub/Linux/docs/HOWTO/translations/sv/RPM-HOWTO-se.txt.gz]
[tldp.org/pub/Linux/docs/HOWTO/translations/sv/Security-HOWTO-se.txt.gz]
[tldp.org/pub/Linux/docs/HOWTO/translations/sv/Tips-HOWTO-se.txt.gz]
[tldp.org/pub/Linux/docs/HOWTO/translations/sv/UMSDOS-HOWTO-se.txt.gz]
[tldp.org/pub/Linux/docs/HOWTO/translations/sv/XFree86-HOWTO-se.txt.gz]
[tldp.org/pub/Linux/docs/HOWTO/translations/sv/index.html]
[tldp.org/LDP-Manifesto.html]
[tldp.org/LDP-COPYRIGHT.html]
[tldp.org/LDP/abs/html/index.html]
[tldp.org/LDP/abs/images/tip.gif]
[tldp.org/LDP/abs/images/caution.gif]
[tldp.org/LDP/abs/images/note.gif]
[tldp.org/LDP/abs/images/important.gif]
[tldp.org/LDP/abs/images/warning.gif]
[www.mit.edu/afs/athena/system/rhlinux/athena-9.0/free/SRPMS/athena-jot-9.0-3.src.rpm]
[ibiblio.org/pub/Linux/utils/file/cruft-0.2.tar.gz]
[ibiblio.org/pub/Linux/apps/financial/mcalc-1.6.tar.gz]
[ibiblio.org/pub/Linux/games/amusements/judge-1.0.tar.gz]
[ibiblio.org/pub/Linux/libs/yawl-0.3.2.tar.gz]
[lug.fh-swf.de/vim/vim-bash/StyleGuideShell.en.pdf]
[it.tldp.org/guide/abs/index.798.delayed]
[tldp.org/LDP/abs/html/abs-guide.html]
[tldp.org/LDP/Mobile-Guide/html/index.html]
[tldp.org/LDP/Mobile-Guide/html/images/yopy.png]
[tldp.org/LDP/Mobile-Guide/html/images/zaurus1.png]
[tldp.org/LDP/Mobile-Guide/html/images/home_helio_03.png]
[tldp.org/LDP/Mobile-Guide/html/images/h3650.png]
[tldp.org/LDP/Mobile-Guide/html/images/pose.png]
[tldp.org/LDP/Mobile-Guide/html/images/cardinfo.png]
[www.columbia.edu/_ariel/acpi/acpi_howto.7d6.delayed]
[tldp.org/LDP/Mobile-Guide/html/images/blackbox.png]
[tldp.org/LDP/Mobile-Guide/html/Mobile-Guide.html]
[tldp.org/LDP/Win+OpenSolaris+CentOS-Install/html/index.html]
[tldp.org/LDP/Bash-Beginners-Guide/html/index.html]
[tldp.org/LDP/Bash-Beginners-Guide/html/images/bgb.jpg]
[tldp.org/LDP/Bash-Beginners-Guide/images/warning.gif]
[tldp.org/LDP/Bash-Beginners-Guide/images/note.gif]
[tldp.org/LDP/Bash-Beginners-Guide/images/tip.gif]
[tldp.org/LDP/Bash-Beginners-Guide/html/images/script1.sh.png]
[tldp.org/LDP/Bash-Beginners-Guide/html/images/prompt.png]
[tldp.org/LDP/Bash-Beginners-Guide/html/images/awk.png]
[tldp.org/LDP/Bash-Beginners-Guide/images/important.gif]
[tldp.org/LDP/Bash-Beginners-Guide/html/images/penguin.sh.png]
[tldp.org/LDP/Bash-Beginners-Guide/html/Bash-Beginners-Guide.html]
[tldp.org/LDP/Bash-Beginners-Guide/html/images/leaptest.sh.png]
[tldp.org/LDP/intro-linux/html/index.html]
[tldp.org/LDP/intro-linux/html/images/itl.jpg]
[tldp.org/LDP/intro-linux/images/note.gif]
[tldp.org/LDP/intro-linux/images/caution.gif]
[tldp.org/LDP/intro-linux/images/warning.gif]
[tldp.org/LDP/intro-linux/images/tip.gif]
[tldp.org/LDP/intro-linux/html/images/openoffice.png]
[tldp.org/LDP/intro-linux/html/images/xterm.png]
[tldp.org/LDP/intro-linux/html/images/konqueror.png]
[tldp.org/LDP/intro-linux/html/images/FS-layout.png]
[tldp.org/LDP/intro-linux/html/images/links.png]
[tldp.org/LDP/intro-linux/html/images/fork-and-exec.png]
[tldp.org/LDP/intro-linux/html/images/trappen.png]
[tldp.org/LDP/intro-linux/html/images/system-monitor.png]
[tldp.org/LDP/intro-linux/html/images/brother-webinterface.png]
[tldp.org/LDP/intro-linux/html/images/formatfloppy.png]
[tldp.org/LDP/intro-linux/html/images/evolution.png]
[tldp.org/LDP/intro-linux/html/images/xchat.png]
[tldp.org/LDP/intro-linux/html/images/ssh_X11.png]
[tldp.org/LDP/intro-linux/html/intro-linux.html]
[tldp.org/LDP/intro-linux/html/images/xmms.png]
[tldp.org/LDP/GNU-Linux-Tools-Summary/html/index.html]
[tldp.org/LDP/GNU-Linux-Tools-Summary/images/tip.gif]
[tldp.org/LDP/GNU-Linux-Tools-Summary/images/note.gif]
[tldp.org/LDP/GNU-Linux-Tools-Summary/images/important.gif]
[tldp.org/LDP/GNU-Linux-Tools-Summary/images/caution.gif]
[tldp.org/LDP/GNU-Linux-Tools-Summary/images/warning.gif]
[tldp.org/LDP/GNU-Linux-Tools-Summary/images/callouts/1.gif]
[tldp.org/LDP/GNU-Linux-Tools-Summary/images/callouts/2.gif]
[tldp.org/LDP/GNU-Linux-Tools-Summary/images/callouts/3.gif]
[tldp.org/LDP/GNU-Linux-Tools-Summary/images/callouts/4.gif]
[tldp.org/LDP/GNU-Linux-Tools-Summary/images/callouts/5.gif]
[tldp.org/LDP/GNU-Linux-Tools-Summary/html/GNU-Linux-Tools-Summary.html]
[tldp.org/LDP/LDP-Author-Guide/html/index.html]
[tldp.org/LDP/LDP-Author-Guide/images/warning.gif]
[tldp.org/LDP/LDP-Author-Guide/images/caution.gif]
[tldp.org/LDP/LDP-Author-Guide/images/note.gif]
[tldp.org/LDP/LDP-Author-Guide/html/templates/ldp-howto.zip]
[tldp.org/LDP/LDP-Author-Guide/html/templates/ldp-guide.zip]
[tldp.org/LDP/LDP-Author-Guide/html/templates/ldp-faq.zip]
[tldp.org/LDP/LDP-Author-Guide/html/templates/ldp-linuxdoc.zip]
[tldp.org/LDP/LDP-Author-Guide/html/sgeditscreenshot.jpg]
[tldp.org/LDP/LDP-Author-Guide/html/neditscreenshot.jpg]
[tldp.org/LDP/LDP-Author-Guide/html/neditshellcommand.jpg]
[tldp.org/LDP/LDP-Author-Guide/html/neditsuccess.jpg]
[tldp.org/LDP/LDP-Author-Guide/images/callouts/1.gif]
[tldp.org/LDP/LDP-Author-Guide/images/callouts/2.gif]
[tldp.org/LDP/LDP-Author-Guide/images/callouts/3.gif]
[www.oasis-open.org/docbook/sgml/4.1/docbk41.zip]
[www.oasis-open.org/docbook/sgml/3.1/docbk31.zip]
[tldp.org/LDP/LDP-Author-Guide/html/LDP-Author-Guide.html]
[tldp.org/LDP/lkmpg/2.6/html/index.html]
[tldp.org/LDP/lkmpg/2.6/html/figures/seq_file.png]
[tldp.org/LDP/lkmpg/2.6/html/lkmpg.html]
[tldp.org/LDP/lkmpg/2.4/html/index.html]
[tldp.org/LDP/lkmpg/2.4/html/lkmpg.html]
[tldp.org/LDP/sag/html/index.html]
[tldp.org/LDP/sag/html/overview-kernel.png]
[tldp.org/LDP/sag/html/fstree.png]
[tldp.org/LDP/sag/html/hd-schematic.png]
[tldp.org/LDP/sag/html/hd-layout.png]
[tldp.org/LDP/sag/html/hd-mount-separate.png]
[tldp.org/LDP/sag/html/hd-mount-mounted.png]
[tldp.org/LDP/sag/html/logins-via-terminals.png]
[tldp.org/LDP/sag/html/sag.html]
[tldp.org/LDP/sag/html/backup-timeline.png]
[tldp.org/pub/Linux/docs/ldp-archived/system-admin-guide/translations/!INDEX]
[tldp.org/pub/Linux/docs/ldp-archived/system-admin-guide/translations/index.html]
[tldp.org/LDP/Pocket-Linux-Guide/html/index.html]
[tldp.org/LDP/Pocket-Linux-Guide/images/note.gif]
[tldp.org/LDP/Pocket-Linux-Guide/html/Pocket-Linux-Guide.html]
[www.paul.sladen.org/pronunciation/torvalds-says-linux.mp3]
[tldp.org/LDP/Linux-Media-Guide/html/images/LPI.png]
[tldp.org/LDP/Linux-Media-Guide/html/index.html]
[tldp.org/LDP/Linux-Media-Guide/html/Linux-Media-Guide.html]
[tldp.org/LDP/EVMSUG/html/index.html]
[tldp.org/LDP/EVMSUG/images/note.gif]
[tldp.org/LDP/EVMSUG/html/gui_active.png]
[tldp.org/LDP/EVMSUG/html/ncurses_active.png]
[tldp.org/LDP/EVMSUG/html/EVMSUG.html]
[tldp.org/LDP/EVMSUG/html/cli_active.png]
[tldp.org/LDP/Linux-Dictionary/html/index.html]
[tldp.org/LDP/Linux-Dictionary/html/Linux-Dictionary.html]
[tldp.org/LDP/Linux-Dictionary/index.html]
[tldp.org/LDP/Linux-Filesystem-Hierarchy/html/index.html]
[www.kroah.com/linux/talks/ols_2003_udev_paper/Reprint-Kroah-Hartman-OLS2003.pdf]
[tldp.org/LDP/Linux-Filesystem-Hierarchy/html/Linux-Filesystem-Hierarchy.html]
[tldp.org/LDP/cpg/html/index.html]
[tldp.org/LDP/cpg/images/note.gif]
[tldp.org/LDP/cpg/images/tip.gif]
[tldp.org/LDP/cpg/html/Custom-Porting-Guide.html]
[tldp.org/LDP/cpg/images/caution.gif]
[tldp.org/LDP/lfs/LFS-BOOK-6.1.1-HTML/index.html]
[www.linuxfromscratch.org/hints/downloads/files/essential_prereading.txt]
[www.linuxfromscratch.org/hints/downloads/files/errors.txt]
[www.linuxfromscratch.org/hints/downloads/files/lfs_next_to_existing_systems.txt]
[www.linuxfromscratch.org/hints/downloads/files/optimization.txt]
[tldp.org/LDP/lfs/LFS-BOOK-6.1.1-NOCHUNKS.html]
[www.linuxfromscratch.org/hints/downloads/files/bsd-init.txt]
[www.linuxfromscratch.org/hints/downloads/files/time.txt]
[www.linuxfromscratch.org/hints/downloads/files/more_control_and_pkg_man.txt]
[tldp.org/LDP/bugzilla/Bugzilla-Guide/index.html]
[tldp.org/LDP/lki/index.html]
[tldp.org/LDP/solrhe/Securing-Optimizing-Linux-RH-Edition-v1.3/Annimals/Chapter3.gif]
[tldp.org/LDP/solrhe/Securing-Optimizing-Linux-RH-Edition-v1.3/images/OpenNA-NewLogo-Penguin.gif]
[tldp.org/LDP/solrhe/Securing-Optimizing-Linux-RH-Edition-v1.3/index.html]
[tldp.org/LDP/espk-ug/html/index.html]
[tldp.org/LDP/nag2/index.html]
[tldp.org/LDP/lame/LAME/linux-admin-made-easy/index.html]
[tldp.org/LDP/lame/index.html]
[tldp.org/LDP/nag/contents_motif.gif]
[tldp.org/LDP/nag/nag.html]
[tldp.org/pub/Linux/docs/ldp-archived/network-guide/!INDEX]
[tldp.org/pub/Linux/docs/ldp-archived/network-guide/nag-1.0.ascii.tar.gz]
[tldp.org/pub/Linux/docs/ldp-archived/network-guide/nag-1.0.dvi.tar.gz]
[tldp.org/pub/Linux/docs/ldp-archived/network-guide/nag-1.0.html.tar.gz]
[tldp.org/pub/Linux/docs/ldp-archived/network-guide/nag-1.0.lsm]
[tldp.org/pub/Linux/docs/ldp-archived/network-guide/nag-1.0.pdf.gz]
[tldp.org/pub/Linux/docs/ldp-archived/network-guide/nag-1.0.ps.tar.gz]
[tldp.org/pub/Linux/docs/ldp-archived/network-guide/nag-1.0.src.tar.gz]
[tldp.org/pub/Linux/docs/ldp-archived/network-guide/index.html]
[tldp.org/LDP/lpg/next_motif.gif]
[tldp.org/LDP/lpg/up_motif.gif]
[tldp.org/LDP/lpg/previous_motif_gr.gif]
[tldp.org/LDP/lpg/contents_motif.gif]
[tldp.org/LDP/lpg/index.html]
[tldp.org/pub/Linux/docs/ldp-archived/programmers-guide/!INDEX]
[tldp.org/pub/Linux/docs/ldp-archived/programmers-guide/lpg-0.4.dvi.gz]
[tldp.org/pub/Linux/docs/ldp-archived/programmers-guide/lpg-0.4.examples.tar.gz]
[tldp.org/pub/Linux/docs/ldp-archived/programmers-guide/lpg-0.4.html.tar.gz]
[tldp.org/icons/layout.gif]
[tldp.org/pub/Linux/docs/ldp-archived/programmers-guide/lpg-0.4.pdf]
[tldp.org/pub/Linux/docs/ldp-archived/programmers-guide/lpg-0.4.ps.gz]
[tldp.org/pub/Linux/docs/ldp-archived/programmers-guide/lpg-0.4.tar.gz]
[tldp.org/pub/Linux/docs/ldp-archived/programmers-guide/lpg.lsm]
[tldp.org/pub/Linux/docs/ldp-archived/programmers-guide/index.html]
[tldp.org/pub/Linux/docs/ldp-archived/programmers-guide/translations/index.html]
[tldp.org/pub/Linux/docs/ldp-archived/users-guide/!INDEX]
[tldp.org/pub/Linux/docs/ldp-archived/users-guide/user-beta-1-src.tar.gz]
[tldp.org/pub/Linux/docs/ldp-archived/users-guide/user-beta-1.dvi.gz]
[tldp.org/pub/Linux/docs/ldp-archived/users-guide/user-beta-1.lsm]
[tldp.org/pub/Linux/docs/ldp-archived/users-guide/user-beta-1.pdf.gz]
[tldp.org/pub/Linux/docs/ldp-archived/users-guide/user-beta-1.pdf.zip]
[tldp.org/pub/Linux/docs/ldp-archived/users-guide/user-beta-1.ps.gz]
[tldp.org/pub/Linux/docs/ldp-archived/users-guide/user-beta-1.ps.zip]
[tldp.org/pub/Linux/docs/ldp-archived/users-guide/index.html]
[tldp.org/LDP/khg/Icons/question.gif]
[tldp.org/LDP/khg/Icons/note.gif]
[tldp.org/LDP/khg/Icons/feedback.gif]
[tldp.org/LDP/khg/Icons/news.gif]
[tldp.org/LDP/khg/Icons/smile.gif]
[tldp.org/LDP/khg/Icons/idea.gif]
[tldp.org/LDP/khg/Icons/sad.gif]
[tldp.org/LDP/khg/Icons/more.gif]
[tldp.org/LDP/khg/Icons/warning.gif]
[tldp.org/LDP/khg/Icons/th_up.gif]
[tldp.org/LDP/khg/Icons/disagree.gif]
[tldp.org/LDP/khg/HyperNews/get/khg.html]
[tldp.org/LDP/gs/next_motif.gif]
[tldp.org/LDP/gs/up_motif_gr.gif]
[tldp.org/LDP/gs/previous_motif.gif]
[tldp.org/LDP/gs/contents_motif.gif]
[tldp.org/LDP/gs/gs.html]
[tldp.org/LDP/tlk/tlk.html]
[tldp.org/pub/Linux/docs/ldp-archived/index.html]
[tldp.org/icons/hand.right.gif]
[tldp.org/pub/Linux/docs/ldp-archived/kernel-hackers-guide/khg-0.7.man]
[tldp.org/pub/Linux/docs/ldp-archived/kernel-hackers-guide/index.html]
[tldp.org/pub/Linux/docs/ldp-archived/kernel-hackers-guide/khg-1.0.README]
[tldp.org/pub/Linux/docs/ldp-archived/network-guide/translations/es/LUCAS-HOWTO]
[tldp.org/pub/Linux/docs/ldp-archived/network-guide/translations/es/garl-1.0-html.tar.gz]
[tldp.org/pub/Linux/docs/ldp-archived/network-guide/translations/es/garl-1.0.dvi.gz]
[tldp.org/pub/Linux/docs/ldp-archived/network-guide/translations/es/garl-1.0.pdf]
[tldp.org/pub/Linux/docs/ldp-archived/network-guide/translations/es/garl-1.0.ps.gz]
[tldp.org/pub/Linux/docs/ldp-archived/network-guide/translations/es/garl-1.0.src.tar.gz]
[tldp.org/pub/Linux/docs/ldp-archived/network-guide/translations/es/garl-1.0.txt.gz]
[tldp.org/pub/Linux/docs/ldp-archived/network-guide/translations/es/index.html]
[tldp.org/pub/Linux/docs/ldp-archived/programmers-guide/translations/es/LUCAS-HOWTO]
[tldp.org/pub/Linux/docs/ldp-archived/programmers-guide/translations/es/gulp-0.11.dvi.gz]
[tldp.org/pub/Linux/docs/ldp-archived/programmers-guide/translations/es/gulp-0.11.pdf]
[tldp.org/pub/Linux/docs/ldp-archived/programmers-guide/translations/es/gulp-0.11.ps.gz]
[tldp.org/pub/Linux/docs/ldp-archived/programmers-guide/translations/es/gulp-0.11.src.tar.gz]
[tldp.org/pub/Linux/docs/ldp-archived/programmers-guide/translations/es/gulp-0.11.txt.gz]
[tldp.org/pub/Linux/docs/ldp-archived/programmers-guide/translations/es/index.html]
[tldp.org/pub/Linux/docs/ldp-archived/system-admin-guide/sag.html.tar.gz]
[tldp.org/pub/Linux/docs/ldp-archived/system-admin-guide/sag.pdb]
[tldp.org/pub/Linux/docs/ldp-archived/system-admin-guide/sag.pdf]
[tldp.org/pub/Linux/docs/ldp-archived/system-admin-guide/sag.ps.gz]
[tldp.org/pub/Linux/docs/ldp-archived/system-admin-guide/sag.txt]
[tldp.org/pub/Linux/docs/ldp-archived/system-admin-guide/index.html]
[tldp.org/pub/Linux/docs/ldp-archived/system-admin-guide/translations/es/gasl-es-sources.tar.gz]
[tldp.org/pub/Linux/docs/ldp-archived/system-admin-guide/translations/es/gasl-html-multiples_paginas.tar.gz]
[tldp.org/pub/Linux/docs/ldp-archived/system-admin-guide/translations/es/gasl-html-pagina_simple.tar.gz]
[tldp.org/pub/Linux/docs/ldp-archived/system-admin-guide/translations/es/gasl.pdf]
[tldp.org/pub/Linux/docs/ldp-archived/system-admin-guide/translations/es/gasl.txt]
[tldp.org/pub/Linux/docs/ldp-archived/system-admin-guide/translations/es/index.html]
[tldp.org/pub/Linux/docs/ldp-archived/system-admin-guide/translations/fr/sag-0.4-french.ps.gz]
[tldp.org/pub/Linux/docs/ldp-archived/system-admin-guide/translations/fr/sag-0.4-french.tar.gz]
[tldp.org/pub/Linux/docs/ldp-archived/system-admin-guide/translations/fr/index.html]
[tldp.org/pub/Linux/docs/ldp-archived/system-admin-guide/translations/it/sag-0.6-it.html.gz]
[tldp.org/pub/Linux/docs/ldp-archived/system-admin-guide/translations/it/sag-0.6-it.ps.gz]
[tldp.org/pub/Linux/docs/ldp-archived/system-admin-guide/translations/it/sag-0.6-it.gz]
[tldp.org/pub/Linux/docs/ldp-archived/system-admin-guide/translations/it/sag-0.6.1.ps.gz]
[tldp.org/pub/Linux/docs/ldp-archived/system-admin-guide/translations/it/sag-0.6.2.it.html.gz]
[tldp.org/pub/Linux/docs/ldp-archived/system-admin-guide/translations/it/sag-0.6.2.it.sgml.gz]
[tldp.org/pub/Linux/docs/ldp-archived/system-admin-guide/translations/it/index.html]
[tldp.org/pub/Linux/docs/ldp-archived/system-admin-guide/translations/pt/sag-0.6-pt.ps.bz2]
[tldp.org/pub/Linux/docs/ldp-archived/system-admin-guide/translations/pt/sag-0.6-pt.tar.gz]
[tldp.org/pub/Linux/docs/ldp-archived/system-admin-guide/translations/pt/index.html]
[tldp.org/pub/Linux/docs/ldp-archived/users-guide/translations/es/CREDIT]
[tldp.org/pub/Linux/docs/ldp-archived/users-guide/translations/es/LUCAS-HOWTO]
[tldp.org/pub/Linux/docs/ldp-archived/users-guide/translations/es/contenidos.leeme]
[tldp.org/pub/Linux/docs/ldp-archived/users-guide/translations/es/g111dos.zip]
[tldp.org/pub/Linux/docs/ldp-archived/users-guide/translations/es/glup_0.6-1.1-html-1.1.gz]
[tldp.org/pub/Linux/docs/ldp-archived/users-guide/translations/es/glup_0.6-1.11.dvi.gz]
[tldp.org/pub/Linux/docs/ldp-archived/users-guide/translations/es/glup_0.6-1.11.pdf]
[tldp.org/pub/Linux/docs/ldp-archived/users-guide/translations/es/glup_0.6-1.11.ps-con-duplexor.gz]
[tldp.org/pub/Linux/docs/ldp-archived/users-guide/translations/es/glup_0.6-1.11.ps-sin-duplexor.gz]
[tldp.org/pub/Linux/docs/ldp-archived/users-guide/translations/es/glup_0.6-1.11.src.gz]
[tldp.org/pub/Linux/docs/ldp-archived/users-guide/translations/es/glup_0.6-1.11.txt.gz]
[tldp.org/pub/Linux/docs/ldp-archived/users-guide/translations/es/leame]
[tldp.org/pub/Linux/docs/ldp-archived/users-guide/translations/es/index.html]
[tldp.org/pub/Linux/docs/ldp-archived/users-guide/translations/it/Guida-Utente-beta1.html.gz]
[tldp.org/pub/Linux/docs/ldp-archived/users-guide/translations/it/Guida-Utente-beta1.ps.gz]
[tldp.org/pub/Linux/docs/ldp-archived/users-guide/translations/it/Guida-Utente-beta1.gz]
[tldp.org/pub/Linux/docs/ldp-archived/users-guide/translations/it/index.html]
[tldp.org/LDP/www.debian.org/doc/manuals/apt-howto/index.html]
[tldp.org/LDP/www.debian.org/doc/manuals/debian-euro-support/index.html]
[tldp.org/LDP/www.debian.org/doc/manuals/debian-faq/index.html]
[tldp.org/LDP/www.debian.org/doc/manuals/debian-java-faq/index.html]
[tldp.org/LDP/www.debian.org/doc/manuals/debian-reference/index.html]
[tldp.org/LDP/www.debian.org/doc/manuals/debian-reference/images/next.gif]
[tldp.org/LDP/www.debian.org/doc/manuals/debian-tutorial/index.html]
[tldp.org/LDP/www.debian.org/doc/manuals/developers-reference/developers-reference.pdf]
[tldp.org/LDP/www.debian.org/doc/manuals/developers-reference/index.html]
[tldp.org/LDP/www.debian.org/doc/manuals/network-administrator/index.html]
[tldp.org/LDP/www.debian.org/doc/manuals/securing-debian-howto/index.html]
[tldp.org/LDP/www.debian.org/doc/manuals/system-administrator/index.html]
[tldp.org/LDP/www.debian.org/doc/manuals/user/index.html]
[tldp.org/REF/palmdevqs/pics/hellocropped.gif]
[www.jimweller.net/palmdevqs-files/hello.11b4.delayed]
[tldp.org/REF/palmdevqs/pics/emulator.gif]
[tldp.org/REF/palmdevqs/pics/launcher.gif]
[tldp.org/REF/palmdevqs/pics/hello.gif]
[www.jimweller.net/palmdevqs-files/binutils-2.9.1.tar.gz]
[www.jimweller.net/palmdevqs-files/emulator-win.zip]
[www.jimweller.net/palmdevqs-files/emulator_skins_15.zip]
[www.jimweller.net/palmdevqs-files/gcc-2.95.2.tar.gz]
[www.jimweller.net/palmdevqs-files/gdb-4.18.tar.gz]
[www.jimweller.net/palmdevqs-files/prc-tools-2.0.tar.gz]
[www.jimweller.net/palmdevqs-files/sdk35-docs.tar.gz]
[www.jimweller.net/palmdevqs-files/sdk35-examples.tar.gz]
[www.jimweller.net/palmdevqs-files/sdk35.tar.gz]
[tldp.org/REF/palmdevqs/index.html]
[tldp.org/REF/VideoLAN-Quickstart/index.html]
[tldp.org/REF/VLC-User-Guide/index.html]
[tldp.org/REF/VLS-User-Guide/index.html]
[tldp.org/pub/Linux/docs/HOWTO/translations/indexc052.html]
[tldp.org/pub/Linux/docs/HOWTO/translations/indexf8a0.html]
[tldp.org/pub/Linux/docs/HOWTO/translations/indexbfec.html]
[tldp.org/pub/Linux/docs/HOWTO/translations/index30b5.html]
[tldp.org/pub/Linux/docs/HOWTO/Linux-HOWTOs-20120707.tar.bz2]
[tldp.org/pub/Linux/docs/HOWTO/Linux-HOWTOs-20120707.tar.gz]
[tldp.org/pub/Linux/docs/HOWTO/Linux-HOWTOs.tar.bz2]
[tldp.org/pub/Linux/docs/HOWTO/Linux-HOWTOs.tar.gz]
[tldp.org/pub/Linux/docs/HOWTO/Linux-html-HOWTOs-20120707.tar.bz2]
[tldp.org/pub/Linux/docs/HOWTO/Linux-html-HOWTOs-20120707.tar.gz]
[tldp.org/pub/Linux/docs/HOWTO/Linux-html-HOWTOs.tar.bz2]
[tldp.org/pub/Linux/docs/HOWTO/Linux-html-HOWTOs.tar.gz]
